=== —‚ÂÍ‡ ÔÂÒÓÌ — ”ƒ ¿ÚÓÌËÚ Ë Parsec ===
–ÂÊËÏ ‰Ó·‡‚ÎÂÌËˇ Á‡‰‡˜: Õ≈“

—ÂÒÒËˇ Parsec ÓÚÍ˚Ú‡: 98276375-95e8-4b52-87f1-944f7900a900

œÓÎÛ˜ÂÌÓ ÔÂÒÓÌ ‰Îˇ ÔÓ‚ÂÍË: 100

[1/100] id_pep=4 ó –¿—’Œ∆ƒ≈Õ»≈ Œ–√¿Õ»«¿÷»» (–ê–≤–µ—Ç–∏—Å—è–Ω –°, –ì.)
            Artonit org_guid: 441DC23B-2222-44D2-A999-4075FF028067 (1 –∫–æ—Ä–ø—É—Å)
            Parsec  org_guid: 76A9F070-EED5-4C7A-ABDD-DDB11E1C9D13
[2/100] id_pep=5 ó –¿—’Œ∆ƒ≈Õ»≈ Œ–√¿Õ»«¿÷»» (–ê–≤–∏–ª–∫–∏–Ω–∞ –ú. –í.)
            Artonit org_guid: 441DC23B-2222-44D2-A999-4075FF028067 (1 –∫–æ—Ä–ø—É—Å)
            Parsec  org_guid: 76A9F070-EED5-4C7A-ABDD-DDB11E1C9D13
[3/100] id_pep=6 ó –¿—’Œ∆ƒ≈Õ»≈ Œ–√¿Õ»«¿÷»» (–ê–≥–∞–ª–∞–∫–æ–≤ –ò–≤–∞–Ω –ù–∏–∫–æ–ª–∞–µ–≤–∏—á)
            Artonit org_guid: 441DC23B-2222-44D2-A999-4075FF028067 (1 –∫–æ—Ä–ø—É—Å)
            Parsec  org_guid: 76A9F070-EED5-4C7A-ABDD-DDB11E1C9D13
[4/100] id_pep=7 ó –¿—’Œ∆ƒ≈Õ»≈ Œ–√¿Õ»«¿÷»» (–ê–∫–∏–º–æ–≤–∞ –õ.)
            Artonit org_guid: 441DC23B-2222-44D2-A999-4075FF028067 (1 –∫–æ—Ä–ø—É—Å)
            Parsec  org_guid: 76A9F070-EED5-4C7A-ABDD-DDB11E1C9D13
[5/100] id_pep=8 ó –¿—’Œ∆ƒ≈Õ»≈ Œ–√¿Õ»«¿÷»» (–ê–∫–∏–º–æ–≤–∞ –õ. –í.)
            Artonit org_guid: 441DC23B-2222-44D2-A999-4075FF028067 (1 –∫–æ—Ä–ø—É—Å)
            Parsec  org_guid: 76A9F070-EED5-4C7A-ABDD-DDB11E1C9D13
[6/100] id_pep=9 ó –¿—’Œ∆ƒ≈Õ»≈ Œ–√¿Õ»«¿÷»» (–ê–ª–µ–∫—Å–µ–µ–Ω–∫–æ –ü. –ò.)
            Artonit org_guid: 441DC23B-2222-44D2-A999-4075FF028067 (1 –∫–æ—Ä–ø—É—Å)
            Parsec  org_guid: 76A9F070-EED5-4C7A-ABDD-DDB11E1C9D13
[7/100] id_pep=10 ó –¿—’Œ∆ƒ≈Õ»≈ Œ–√¿Õ»«¿÷»» (–ê–ª—ë—à–∏–Ω–∞ –ê.)
            Artonit org_guid: 441DC23B-2222-44D2-A999-4075FF028067 (1 –∫–æ—Ä–ø—É—Å)
            Parsec  org_guid: 76A9F070-EED5-4C7A-ABDD-DDB11E1C9D13
[8/100] id_pep=11 ó –¿—’Œ∆ƒ≈Õ»≈ Œ–√¿Õ»«¿÷»» (–ê–Ω–∞—à–∫–∏–Ω –ï. –ú.)
            Artonit org_guid: 441DC23B-2222-44D2-A999-4075FF028067 (1 –∫–æ—Ä–ø—É—Å)
            Parsec  org_guid: 76A9F070-EED5-4C7A-ABDD-DDB11E1C9D13
[9/100] id_pep=12 ó –¿—’Œ∆ƒ≈Õ»≈ Œ–√¿Õ»«¿÷»» (–ê–Ω–¥—Ä–µ–π –°–∞–Ω—Ç–µ—Ö–Ω–∏–∫)
            Artonit org_guid: 441DC23B-2222-44D2-A999-4075FF028067 (1 –∫–æ—Ä–ø—É—Å)
            Parsec  org_guid: 76A9F070-EED5-4C7A-ABDD-DDB11E1C9D13
[10/100] id_pep=13 ó –¿—’Œ∆ƒ≈Õ»≈ Œ–√¿Õ»«¿÷»» (–ê–Ω—Ç–æ–Ω—é–∫ –ñ. –ì.)
            Artonit org_guid: 441DC23B-2222-44D2-A999-4075FF028067 (1 –∫–æ—Ä–ø—É—Å)
            Parsec  org_guid: 76A9F070-EED5-4C7A-ABDD-DDB11E1C9D13
[11/100] id_pep=14 ó –¿—’Œ∆ƒ≈Õ»≈ Œ–√¿Õ»«¿÷»» (–ê—Ä–∏—Å–∫–º–Ω–∞ –ù. –û.)
            Artonit org_guid: 441DC23B-2222-44D2-A999-4075FF028067 (1 –∫–æ—Ä–ø—É—Å)
            Parsec  org_guid: 76A9F070-EED5-4C7A-ABDD-DDB11E1C9D13
[12/100] id_pep=15 ó –¿—’Œ∆ƒ≈Õ»≈ Œ–√¿Õ»«¿÷»» (–ê—Ä—Å–µ–Ω—å–µ–≤–∞ –û. –ò.)
            Artonit org_guid: 441DC23B-2222-44D2-A999-4075FF028067 (1 –∫–æ—Ä–ø—É—Å)
            Parsec  org_guid: 76A9F070-EED5-4C7A-ABDD-DDB11E1C9D13
[13/100] id_pep=16 ó –¿—’Œ∆ƒ≈Õ»≈ Œ–√¿Õ»«¿÷»» (–ê—Ä—Ç–µ–º–µ–Ω–∫–æ –ú. –ù.)
            Artonit org_guid: 441DC23B-2222-44D2-A999-4075FF028067 (1 –∫–æ—Ä–ø—É—Å)
            Parsec  org_guid: 76A9F070-EED5-4C7A-ABDD-DDB11E1C9D13
[14/100] id_pep=17 ó –¿—’Œ∆ƒ≈Õ»≈ Œ–√¿Õ»«¿÷»» (–ê—Ä—Ç–µ–º—å–µ–≤–∞ –ï.–°.)
            Artonit org_guid: 441DC23B-2222-44D2-A999-4075FF028067 (1 –∫–æ—Ä–ø—É—Å)
            Parsec  org_guid: 76A9F070-EED5-4C7A-ABDD-DDB11E1C9D13
[15/100] id_pep=18 ó –¿—’Œ∆ƒ≈Õ»≈ Œ–√¿Õ»«¿÷»» (–ê—Ä—Ç–µ–º—å–µ–≤–∞ –ï.–°.)
            Artonit org_guid: 441DC23B-2222-44D2-A999-4075FF028067 (1 –∫–æ—Ä–ø—É—Å)
            Parsec  org_guid: 76A9F070-EED5-4C7A-ABDD-DDB11E1C9D13
[16/100] id_pep=19 ó –¿—’Œ∆ƒ≈Õ»≈ Œ–√¿Õ»«¿÷»» (–ê—Ä—É—Ç—é–Ω—è–Ω –õ. –ö)
            Artonit org_guid: 441DC23B-2222-44D2-A999-4075FF028067 (1 –∫–æ—Ä–ø—É—Å)
            Parsec  org_guid: 76A9F070-EED5-4C7A-ABDD-DDB11E1C9D13
[17/100] id_pep=20 ó –¿—’Œ∆ƒ≈Õ»≈ Œ–√¿Õ»«¿÷»» (–ê—Ä—É—Ç—é–Ω—è–Ω –õ. –ö.)
            Artonit org_guid: 441DC23B-2222-44D2-A999-4075FF028067 (1 –∫–æ—Ä–ø—É—Å)
            Parsec  org_guid: 76A9F070-EED5-4C7A-ABDD-DDB11E1C9D13
[18/100] id_pep=21 ó –¿—’Œ∆ƒ≈Õ»≈ Œ–√¿Õ»«¿÷»» (–ê—Ç—Ä–æ—à–µ–Ω–∫–æ –ï. –ù.)
            Artonit org_guid: 441DC23B-2222-44D2-A999-4075FF028067 (1 –∫–æ—Ä–ø—É—Å)
            Parsec  org_guid: 76A9F070-EED5-4C7A-ABDD-DDB11E1C9D13
[19/100] id_pep=22 ó –¿—’Œ∆ƒ≈Õ»≈ Œ–√¿Õ»«¿÷»» (–ê—Ö–∞—Ç–æ–≤ –ì. –ö.)
            Artonit org_guid: 441DC23B-2222-44D2-A999-4075FF028067 (1 –∫–æ—Ä–ø—É—Å)
            Parsec  org_guid: 76A9F070-EED5-4C7A-ABDD-DDB11E1C9D13
[20/100] id_pep=23 ó –¿—’Œ∆ƒ≈Õ»≈ Œ–√¿Õ»«¿÷»» (–ê—Ö–∞—Ç–æ–≤ –≠.–ö.)
            Artonit org_guid: 441DC23B-2222-44D2-A999-4075FF028067 (1 –∫–æ—Ä–ø—É—Å)
            Parsec  org_guid: 76A9F070-EED5-4C7A-ABDD-DDB11E1C9D13
[21/100] id_pep=24 ó –¿—’Œ∆ƒ≈Õ»≈ Œ–√¿Õ»«¿÷»» (–ê—Ö–º–µ—Ç—à–∏–Ω –ê. –ò.)
            Artonit org_guid: 441DC23B-2222-44D2-A999-4075FF028067 (1 –∫–æ—Ä–ø—É—Å)
            Parsec  org_guid: 76A9F070-EED5-4C7A-ABDD-DDB11E1C9D13
[22/100] id_pep=25 ó –¿—’Œ∆ƒ≈Õ»≈ Œ–√¿Õ»«¿÷»» (–ë–∞–ª–º–∞—à–µ–≤ –ê. –í.)
            Artonit org_guid: 441DC23B-2222-44D2-A999-4075FF028067 (1 –∫–æ—Ä–ø—É—Å)
            Parsec  org_guid: 76A9F070-EED5-4C7A-ABDD-DDB11E1C9D13
[23/100] id_pep=26 ó –¿—’Œ∆ƒ≈Õ»≈ Œ–√¿Õ»«¿÷»» (–ë–∞—É–º –ê. –í.)
            Artonit org_guid: 441DC23B-2222-44D2-A999-4075FF028067 (1 –∫–æ—Ä–ø—É—Å)
            Parsec  org_guid: 76A9F070-EED5-4C7A-ABDD-DDB11E1C9D13
[24/100] id_pep=27 ó –¿—’Œ∆ƒ≈Õ»≈ Œ–√¿Õ»«¿÷»» (–ë–µ–∫–∞)
            Artonit org_guid: 441DC23B-2222-44D2-A999-4075FF028067 (1 –∫–æ—Ä–ø—É—Å)
            Parsec  org_guid: 76A9F070-EED5-4C7A-ABDD-DDB11E1C9D13
[25/100] id_pep=28 ó –¿—’Œ∆ƒ≈Õ»≈ Œ–√¿Õ»«¿÷»» (–ë–µ–ª—é—á–µ–Ω–∫–æ –í.–°.)
            Artonit org_guid: 441DC23B-2222-44D2-A999-4075FF028067 (1 –∫–æ—Ä–ø—É—Å)
            Parsec  org_guid: 76A9F070-EED5-4C7A-ABDD-DDB11E1C9D13
[26/100] id_pep=29 ó –¿—’Œ∆ƒ≈Õ»≈ Œ–√¿Õ»«¿÷»» (–ë–µ—Ä–µ—Å–ª–∞–≤—Å–∫–∞—è –î. –ü.)
            Artonit org_guid: 441DC23B-2222-44D2-A999-4075FF028067 (1 –∫–æ—Ä–ø—É—Å)
            Parsec  org_guid: 76A9F070-EED5-4C7A-ABDD-DDB11E1C9D13
[27/100] id_pep=30 ó –¿—’Œ∆ƒ≈Õ»≈ Œ–√¿Õ»«¿÷»» (–ë–æ–≥–¥–∞–Ω–æ–≤ –ê.–ú.)
            Artonit org_guid: 441DC23B-2222-44D2-A999-4075FF028067 (1 –∫–æ—Ä–ø—É—Å)
            Parsec  org_guid: 76A9F070-EED5-4C7A-ABDD-DDB11E1C9D13
[28/100] id_pep=31 ó –¿—’Œ∆ƒ≈Õ»≈ Œ–√¿Õ»«¿÷»» (–ë–æ–ª–¥—ã—Ä–µ–≤–∞ –ê. –í.)
            Artonit org_guid: 441DC23B-2222-44D2-A999-4075FF028067 (1 –∫–æ—Ä–ø—É—Å)
            Parsec  org_guid: 76A9F070-EED5-4C7A-ABDD-DDB11E1C9D13
[29/100] id_pep=32 ó –¿—’Œ∆ƒ≈Õ»≈ Œ–√¿Õ»«¿÷»» (–ë–æ—Ä–∏—Å–µ–≤–∏—á –í. –ò.)
            Artonit org_guid: 441DC23B-2222-44D2-A999-4075FF028067 (1 –∫–æ—Ä–ø—É—Å)
            Parsec  org_guid: 76A9F070-EED5-4C7A-ABDD-DDB11E1C9D13
[30/100] id_pep=33 ó –¿—’Œ∆ƒ≈Õ»≈ Œ–√¿Õ»«¿÷»» (–ë–æ—Ä–∏—Å–µ–≤–∏—á –í.–ò.)
            Artonit org_guid: 441DC23B-2222-44D2-A999-4075FF028067 (1 –∫–æ—Ä–ø—É—Å)
            Parsec  org_guid: 76A9F070-EED5-4C7A-ABDD-DDB11E1C9D13
[31/100] id_pep=34 ó –¿—’Œ∆ƒ≈Õ»≈ Œ–√¿Õ»«¿÷»» (–ë–æ—Ä–∏—Å—é–∫ –ê. –†.)
            Artonit org_guid: 441DC23B-2222-44D2-A999-4075FF028067 (1 –∫–æ—Ä–ø—É—Å)
            Parsec  org_guid: 76A9F070-EED5-4C7A-ABDD-DDB11E1C9D13
[32/100] id_pep=35 ó –¿—’Œ∆ƒ≈Õ»≈ Œ–√¿Õ»«¿÷»» (–ë–æ—Ä–∏—Å—é–∫ –ê. –†.)
            Artonit org_guid: 441DC23B-2222-44D2-A999-4075FF028067 (1 –∫–æ—Ä–ø—É—Å)
            Parsec  org_guid: 76A9F070-EED5-4C7A-ABDD-DDB11E1C9D13
[33/100] id_pep=36 ó –¿—’Œ∆ƒ≈Õ»≈ Œ–√¿Õ»«¿÷»» (–ë—Ä—É—Ö –ü. –í.)
            Artonit org_guid: 441DC23B-2222-44D2-A999-4075FF028067 (1 –∫–æ—Ä–ø—É—Å)
            Parsec  org_guid: 76A9F070-EED5-4C7A-ABDD-DDB11E1C9D13
[34/100] id_pep=37 ó –¿—’Œ∆ƒ≈Õ»≈ Œ–√¿Õ»«¿÷»» (–ë—Ä—É—Ö –ü.–í.)
            Artonit org_guid: 441DC23B-2222-44D2-A999-4075FF028067 (1 –∫–æ—Ä–ø—É—Å)
            Parsec  org_guid: 76A9F070-EED5-4C7A-ABDD-DDB11E1C9D13
[35/100] id_pep=38 ó –¿—’Œ∆ƒ≈Õ»≈ Œ–√¿Õ»«¿÷»» (–ë—É—Ä—ã–∫–∏–Ω–∞ –í. –õ.)
            Artonit org_guid: 441DC23B-2222-44D2-A999-4075FF028067 (1 –∫–æ—Ä–ø—É—Å)
            Parsec  org_guid: 76A9F070-EED5-4C7A-ABDD-DDB11E1C9D13
[36/100] id_pep=39 ó –¿—’Œ∆ƒ≈Õ»≈ Œ–√¿Õ»«¿÷»» (–ë—É—Ö–Ω–µ—Ä –°. –ê.)
            Artonit org_guid: 441DC23B-2222-44D2-A999-4075FF028067 (1 –∫–æ—Ä–ø—É—Å)
            Parsec  org_guid: 76A9F070-EED5-4C7A-ABDD-DDB11E1C9D13
[37/100] id_pep=40 ó –¿—’Œ∆ƒ≈Õ»≈ Œ–√¿Õ»«¿÷»» (–ë—É—Ö–Ω–µ—Ä –°. –ê.)
            Artonit org_guid: 441DC23B-2222-44D2-A999-4075FF028067 (1 –∫–æ—Ä–ø—É—Å)
            Parsec  org_guid: 76A9F070-EED5-4C7A-ABDD-DDB11E1C9D13
[38/100] id_pep=41 ó –¿—’Œ∆ƒ≈Õ»≈ Œ–√¿Õ»«¿÷»» (–í–∞—Å–∏–ª—å–µ–≤–∞ –¢. –ó.)
            Artonit org_guid: 441DC23B-2222-44D2-A999-4075FF028067 (1 –∫–æ—Ä–ø—É—Å)
            Parsec  org_guid: 76A9F070-EED5-4C7A-ABDD-DDB11E1C9D13
[39/100] id_pep=42 ó –¿—’Œ∆ƒ≈Õ»≈ Œ–√¿Õ»«¿÷»» (–í–∞—Å–∏–ª—å–µ–≤–∞ –¢. –ó.)
            Artonit org_guid: 441DC23B-2222-44D2-A999-4075FF028067 (1 –∫–æ—Ä–ø—É—Å)
            Parsec  org_guid: 76A9F070-EED5-4C7A-ABDD-DDB11E1C9D13
[40/100] id_pep=43 ó –¿—’Œ∆ƒ≈Õ»≈ Œ–√¿Õ»«¿÷»» (–í–∞—Å–∏–ª—å–µ–≤–∞ –¢. –ó.)
            Artonit org_guid: 441DC23B-2222-44D2-A999-4075FF028067 (1 –∫–æ—Ä–ø—É—Å)
            Parsec  org_guid: 76A9F070-EED5-4C7A-ABDD-DDB11E1C9D13
[41/100] id_pep=44 ó –¿—’Œ∆ƒ≈Õ»≈ Œ–√¿Õ»«¿÷»» (–í–∞—Å–∏–ª—å–µ–≤–∞ –¢. –ó.)
            Artonit org_guid: 441DC23B-2222-44D2-A999-4075FF028067 (1 –∫–æ—Ä–ø—É—Å)
            Parsec  org_guid: 76A9F070-EED5-4C7A-ABDD-DDB11E1C9D13
[42/100] id_pep=45 ó –¿—’Œ∆ƒ≈Õ»≈ Œ–√¿Õ»«¿÷»» (–í–∞—Å–∏–ª—å–µ–≤–∞ –¢. –ó.)
            Artonit org_guid: 441DC23B-2222-44D2-A999-4075FF028067 (1 –∫–æ—Ä–ø—É—Å)
            Parsec  org_guid: 76A9F070-EED5-4C7A-ABDD-DDB11E1C9D13
[43/100] id_pep=46 ó –¿—’Œ∆ƒ≈Õ»≈ Œ–√¿Õ»«¿÷»» (–í–µ–ª–∏—á–∫–∏–Ω–∞ –ê. –ù.)
            Artonit org_guid: 441DC23B-2222-44D2-A999-4075FF028067 (1 –∫–æ—Ä–ø—É—Å)
            Parsec  org_guid: 76A9F070-EED5-4C7A-ABDD-DDB11E1C9D13
[44/100] id_pep=47 ó –¿—’Œ∆ƒ≈Õ»≈ Œ–√¿Õ»«¿÷»» (–í–µ—Ä–≤–∏–∫–∏—à–∫–æ –ê.)
            Artonit org_guid: 441DC23B-2222-44D2-A999-4075FF028067 (1 –∫–æ—Ä–ø—É—Å)
            Parsec  org_guid: 76A9F070-EED5-4C7A-ABDD-DDB11E1C9D13
[45/100] id_pep=48 ó –¿—’Œ∆ƒ≈Õ»≈ Œ–√¿Õ»«¿÷»» (–í–µ—Ä–µ—Å–æ–≤–∞ –ò. –ï.)
            Artonit org_guid: 441DC23B-2222-44D2-A999-4075FF028067 (1 –∫–æ—Ä–ø—É—Å)
            Parsec  org_guid: 76A9F070-EED5-4C7A-ABDD-DDB11E1C9D13
[46/100] id_pep=49 ó –¿—’Œ∆ƒ≈Õ»≈ Œ–√¿Õ»«¿÷»» (–í–µ—Ä–µ—Å–æ–≤–∞ –ò. –ù.)
            Artonit org_guid: 441DC23B-2222-44D2-A999-4075FF028067 (1 –∫–æ—Ä–ø—É—Å)
            Parsec  org_guid: 76A9F070-EED5-4C7A-ABDD-DDB11E1C9D13
[47/100] id_pep=50 ó –¿—’Œ∆ƒ≈Õ»≈ Œ–√¿Õ»«¿÷»» (–í–∏–Ω–æ–∫—É—Ä–æ–≤–∞ –î. –í.)
            Artonit org_guid: 441DC23B-2222-44D2-A999-4075FF028067 (1 –∫–æ—Ä–ø—É—Å)
            Parsec  org_guid: 76A9F070-EED5-4C7A-ABDD-DDB11E1C9D13
[48/100] id_pep=51 ó –¿—’Œ∆ƒ≈Õ»≈ Œ–√¿Õ»«¿÷»» (–í–∏—Å–∫–æ–≤ –ù.–í.)
            Artonit org_guid: 441DC23B-2222-44D2-A999-4075FF028067 (1 –∫–æ—Ä–ø—É—Å)
            Parsec  org_guid: 76A9F070-EED5-4C7A-ABDD-DDB11E1C9D13
[49/100] id_pep=52 ó –¿—’Œ∆ƒ≈Õ»≈ Œ–√¿Õ»«¿÷»» (–í–∏—Å–∫–æ–≤ –ù.–í.)
            Artonit org_guid: 441DC23B-2222-44D2-A999-4075FF028067 (1 –∫–æ—Ä–ø—É—Å)
            Parsec  org_guid: 76A9F070-EED5-4C7A-ABDD-DDB11E1C9D13
[50/100] id_pep=53 ó –¿—’Œ∆ƒ≈Õ»≈ Œ–√¿Õ»«¿÷»» (–í–∏—Ö—Ä–∏—Å—Ç—é–∫ –Æ.–í.)
            Artonit org_guid: 441DC23B-2222-44D2-A999-4075FF028067 (1 –∫–æ—Ä–ø—É—Å)
            Parsec  org_guid: 76A9F070-EED5-4C7A-ABDD-DDB11E1C9D13
[51/100] id_pep=54 ó –¿—’Œ∆ƒ≈Õ»≈ Œ–√¿Õ»«¿÷»» (–í–∏—Ö—Ä–∏—Å—Ç—é–∫ –Æ.–í.)
            Artonit org_guid: 441DC23B-2222-44D2-A999-4075FF028067 (1 –∫–æ—Ä–ø—É—Å)
            Parsec  org_guid: 76A9F070-EED5-4C7A-ABDD-DDB11E1C9D13
[52/100] id_pep=55 ó –¿—’Œ∆ƒ≈Õ»≈ Œ–√¿Õ»«¿÷»» (–í–∏—à–Ω–µ–≤ –ì.–ú.)
            Artonit org_guid: 441DC23B-2222-44D2-A999-4075FF028067 (1 –∫–æ—Ä–ø—É—Å)
            Parsec  org_guid: 76A9F070-EED5-4C7A-ABDD-DDB11E1C9D13
[53/100] id_pep=56 ó –¿—’Œ∆ƒ≈Õ»≈ Œ–√¿Õ»«¿÷»» (–í–æ–ª–æ–¥–∏–Ω—Å–∫–∏–π –î. –í.)
            Artonit org_guid: 441DC23B-2222-44D2-A999-4075FF028067 (1 –∫–æ—Ä–ø—É—Å)
            Parsec  org_guid: 76A9F070-EED5-4C7A-ABDD-DDB11E1C9D13
[54/100] id_pep=57 ó –¿—’Œ∆ƒ≈Õ»≈ Œ–√¿Õ»«¿÷»» (–í–æ–ª–æ—à–∏–Ω –ö. –í.)
            Artonit org_guid: 441DC23B-2222-44D2-A999-4075FF028067 (1 –∫–æ—Ä–ø—É—Å)
            Parsec  org_guid: 76A9F070-EED5-4C7A-ABDD-DDB11E1C9D13
[55/100] id_pep=58 ó –¿—’Œ∆ƒ≈Õ»≈ Œ–√¿Õ»«¿÷»» (–í–æ—Ä–æ–±—å–µ–≤–∞ –ú. –ù.)
            Artonit org_guid: 441DC23B-2222-44D2-A999-4075FF028067 (1 –∫–æ—Ä–ø—É—Å)
            Parsec  org_guid: 76A9F070-EED5-4C7A-ABDD-DDB11E1C9D13
[56/100] id_pep=59 ó –¿—’Œ∆ƒ≈Õ»≈ Œ–√¿Õ»«¿÷»» (–í–æ—Ä–æ–±—å–µ–≤–∞ –ú. –ù.)
            Artonit org_guid: 441DC23B-2222-44D2-A999-4075FF028067 (1 –∫–æ—Ä–ø—É—Å)
            Parsec  org_guid: 76A9F070-EED5-4C7A-ABDD-DDB11E1C9D13
[57/100] id_pep=60 ó –¿—’Œ∆ƒ≈Õ»≈ Œ–√¿Õ»«¿÷»» (–í–æ—Ä–æ–±—å–µ–≤–∞ –ú.–ù.)
            Artonit org_guid: 441DC23B-2222-44D2-A999-4075FF028067 (1 –∫–æ—Ä–ø—É—Å)
            Parsec  org_guid: 76A9F070-EED5-4C7A-ABDD-DDB11E1C9D13
[58/100] id_pep=61 ó –¿—’Œ∆ƒ≈Õ»≈ Œ–√¿Õ»«¿÷»» (–í—ã—Ö—Ä–∏—Å—Ç—é–∫ –Æ. –í.)
            Artonit org_guid: 441DC23B-2222-44D2-A999-4075FF028067 (1 –∫–æ—Ä–ø—É—Å)
            Parsec  org_guid: 76A9F070-EED5-4C7A-ABDD-DDB11E1C9D13
[59/100] id_pep=62 ó –¿—’Œ∆ƒ≈Õ»≈ Œ–√¿Õ»«¿÷»» (–ì–∞–ª—å–ø–µ—Ä–∏–Ω –ê. –í.)
            Artonit org_guid: 441DC23B-2222-44D2-A999-4075FF028067 (1 –∫–æ—Ä–ø—É—Å)
            Parsec  org_guid: 76A9F070-EED5-4C7A-ABDD-DDB11E1C9D13
[60/100] id_pep=63 ó –¿—’Œ∆ƒ≈Õ»≈ Œ–√¿Õ»«¿÷»» (–ì–∞–Ω—Ç–º–∞–Ω –ê.–ë.)
            Artonit org_guid: 441DC23B-2222-44D2-A999-4075FF028067 (1 –∫–æ—Ä–ø—É—Å)
            Parsec  org_guid: 76A9F070-EED5-4C7A-ABDD-DDB11E1C9D13
[61/100] id_pep=64 ó –¿—’Œ∆ƒ≈Õ»≈ Œ–√¿Õ»«¿÷»» (–ì–µ—Ä–∞—à–µ–Ω–∫–æ –í. –í.)
            Artonit org_guid: 441DC23B-2222-44D2-A999-4075FF028067 (1 –∫–æ—Ä–ø—É—Å)
            Parsec  org_guid: 76A9F070-EED5-4C7A-ABDD-DDB11E1C9D13
[62/100] id_pep=65 ó –¿—’Œ∆ƒ≈Õ»≈ Œ–√¿Õ»«¿÷»» (–ì–µ—Ä–∞—â–µ–Ω–∫–æ –ò.–í.)
            Artonit org_guid: 441DC23B-2222-44D2-A999-4075FF028067 (1 –∫–æ—Ä–ø—É—Å)
            Parsec  org_guid: 76A9F070-EED5-4C7A-ABDD-DDB11E1C9D13
[63/100] id_pep=66 ó –¿—’Œ∆ƒ≈Õ»≈ Œ–√¿Õ»«¿÷»» (–ì–∏–ª—å–º—É—Ç–¥–∏–Ω–æ–≤–∞ –ê.–†.)
            Artonit org_guid: 441DC23B-2222-44D2-A999-4075FF028067 (1 –∫–æ—Ä–ø—É—Å)
            Parsec  org_guid: 76A9F070-EED5-4C7A-ABDD-DDB11E1C9D13
[64/100] id_pep=67 ó –¿—’Œ∆ƒ≈Õ»≈ Œ–√¿Õ»«¿÷»» (–ì–ª–∞–∑–∫–æ–≤–∞ –ï. –ê.)
            Artonit org_guid: 441DC23B-2222-44D2-A999-4075FF028067 (1 –∫–æ—Ä–ø—É—Å)
            Parsec  org_guid: 76A9F070-EED5-4C7A-ABDD-DDB11E1C9D13
[65/100] id_pep=68 ó –¿—’Œ∆ƒ≈Õ»≈ Œ–√¿Õ»«¿÷»» (–ì–æ–ª–æ–≤–∫–æ –ï. –ê.)
            Artonit org_guid: 441DC23B-2222-44D2-A999-4075FF028067 (1 –∫–æ—Ä–ø—É—Å)
            Parsec  org_guid: 76A9F070-EED5-4C7A-ABDD-DDB11E1C9D13
[66/100] id_pep=69 ó –¿—’Œ∆ƒ≈Õ»≈ Œ–√¿Õ»«¿÷»» (–ì–æ–ª—É–±—Ü–æ–≤ –ê. –ù.)
            Artonit org_guid: 441DC23B-2222-44D2-A999-4075FF028067 (1 –∫–æ—Ä–ø—É—Å)
            Parsec  org_guid: 76A9F070-EED5-4C7A-ABDD-DDB11E1C9D13
[67/100] id_pep=70 ó –¿—’Œ∆ƒ≈Õ»≈ Œ–√¿Õ»«¿÷»» (–ì–æ–Ω—á–∞—Ä–æ–≤ –Æ. –í.)
            Artonit org_guid: 441DC23B-2222-44D2-A999-4075FF028067 (1 –∫–æ—Ä–ø—É—Å)
            Parsec  org_guid: 76A9F070-EED5-4C7A-ABDD-DDB11E1C9D13
[68/100] id_pep=71 ó –¿—’Œ∆ƒ≈Õ»≈ Œ–√¿Õ»«¿÷»» (–ì–æ–Ω—á–∞—Ä–æ–≤ –Æ. –í.)
            Artonit org_guid: 441DC23B-2222-44D2-A999-4075FF028067 (1 –∫–æ—Ä–ø—É—Å)
            Parsec  org_guid: 76A9F070-EED5-4C7A-ABDD-DDB11E1C9D13
[69/100] id_pep=72 ó –¿—’Œ∆ƒ≈Õ»≈ Œ–√¿Õ»«¿÷»» (–ì–æ—Ä–±–∞—Ç–æ–≤—Å–∫–∞—è –ê. –ê.)
            Artonit org_guid: 441DC23B-2222-44D2-A999-4075FF028067 (1 –∫–æ—Ä–ø—É—Å)
            Parsec  org_guid: 76A9F070-EED5-4C7A-ABDD-DDB11E1C9D13
[70/100] id_pep=73 ó –¿—’Œ∆ƒ≈Õ»≈ Œ–√¿Õ»«¿÷»» (–ì—Ä–µ–±—ë–Ω–∫–∏–Ω–∞ –ù. –ì.)
            Artonit org_guid: 441DC23B-2222-44D2-A999-4075FF028067 (1 –∫–æ—Ä–ø—É—Å)
            Parsec  org_guid: 76A9F070-EED5-4C7A-ABDD-DDB11E1C9D13
[71/100] id_pep=74 ó –¿—’Œ∆ƒ≈Õ»≈ Œ–√¿Õ»«¿÷»» (–ì—Ä–∏–≥–æ—Ä—å–µ–≤–∞ –ê. –ï.)
            Artonit org_guid: 441DC23B-2222-44D2-A999-4075FF028067 (1 –∫–æ—Ä–ø—É—Å)
            Parsec  org_guid: 76A9F070-EED5-4C7A-ABDD-DDB11E1C9D13
[72/100] id_pep=75 ó –¿—’Œ∆ƒ≈Õ»≈ Œ–√¿Õ»«¿÷»» (–ì—Ä–æ–±–æ–≤–∞ –ù. –ê.)
            Artonit org_guid: 441DC23B-2222-44D2-A999-4075FF028067 (1 –∫–æ—Ä–ø—É—Å)
            Parsec  org_guid: 76A9F070-EED5-4C7A-ABDD-DDB11E1C9D13
[73/100] id_pep=76 ó –¿—’Œ∆ƒ≈Õ»≈ Œ–√¿Õ»«¿÷»» (–ì—É–Ω–¥–∞—Ä–µ–≤–∞ –ù. –í.)
            Artonit org_guid: 441DC23B-2222-44D2-A999-4075FF028067 (1 –∫–æ—Ä–ø—É—Å)
            Parsec  org_guid: 76A9F070-EED5-4C7A-ABDD-DDB11E1C9D13
[74/100] id_pep=77 ó –¿—’Œ∆ƒ≈Õ»≈ Œ–√¿Õ»«¿÷»» (–î–∞–Ω–∏–ª–æ–≤–∞ –û. –í.)
            Artonit org_guid: 441DC23B-2222-44D2-A999-4075FF028067 (1 –∫–æ—Ä–ø—É—Å)
            Parsec  org_guid: 76A9F070-EED5-4C7A-ABDD-DDB11E1C9D13
[75/100] id_pep=78 ó –¿—’Œ∆ƒ≈Õ»≈ Œ–√¿Õ»«¿÷»» (–î–∞–Ω–∏–ª–æ–≤–∞ –û.–í.)
            Artonit org_guid: 441DC23B-2222-44D2-A999-4075FF028067 (1 –∫–æ—Ä–ø—É—Å)
            Parsec  org_guid: 76A9F070-EED5-4C7A-ABDD-DDB11E1C9D13
[76/100] id_pep=79 ó –¿—’Œ∆ƒ≈Õ»≈ Œ–√¿Õ»«¿÷»» (–î–µ–∂—É—Ä–Ω—ã–π (–∫–µ–Ω–º–µ—Ä))
            Artonit org_guid: 441DC23B-2222-44D2-A999-4075FF028067 (1 –∫–æ—Ä–ø—É—Å)
            Parsec  org_guid: 76A9F070-EED5-4C7A-ABDD-DDB11E1C9D13
[77/100] id_pep=80 ó –¿—’Œ∆ƒ≈Õ»≈ Œ–√¿Õ»«¿÷»» (–î–µ—Ä–µ–±–∏–∑–æ–≤–∞ –ú. –í.)
            Artonit org_guid: 441DC23B-2222-44D2-A999-4075FF028067 (1 –∫–æ—Ä–ø—É—Å)
            Parsec  org_guid: 76A9F070-EED5-4C7A-ABDD-DDB11E1C9D13
[78/100] id_pep=81 ó –¿—’Œ∆ƒ≈Õ»≈ Œ–√¿Õ»«¿÷»» (–î–º–∏—Ç—Ä–∏–µ–≤–∞ –°.–ê.)
            Artonit org_guid: 441DC23B-2222-44D2-A999-4075FF028067 (1 –∫–æ—Ä–ø—É—Å)
            Parsec  org_guid: 76A9F070-EED5-4C7A-ABDD-DDB11E1C9D13
[79/100] id_pep=82 ó –¿—’Œ∆ƒ≈Õ»≈ Œ–√¿Õ»«¿÷»» (–î–º–∏—Ç—Ä—é–∫ –ï. –í.)
            Artonit org_guid: 441DC23B-2222-44D2-A999-4075FF028067 (1 –∫–æ—Ä–ø—É—Å)
            Parsec  org_guid: 76A9F070-EED5-4C7A-ABDD-DDB11E1C9D13
[80/100] id_pep=83 ó –¿—’Œ∆ƒ≈Õ»≈ Œ–√¿Õ»«¿÷»» (–î–º–∏—Ç—Ä—é–∫ –ï. –í.)
            Artonit org_guid: 441DC23B-2222-44D2-A999-4075FF028067 (1 –∫–æ—Ä–ø—É—Å)
            Parsec  org_guid: 76A9F070-EED5-4C7A-ABDD-DDB11E1C9D13
[81/100] id_pep=84 ó –¿—’Œ∆ƒ≈Õ»≈ Œ–√¿Õ»«¿÷»» (–î–º–∏—Ç—Ä—é–∫ –ï.–í.)
            Artonit org_guid: 441DC23B-2222-44D2-A999-4075FF028067 (1 –∫–æ—Ä–ø—É—Å)
            Parsec  org_guid: 76A9F070-EED5-4C7A-ABDD-DDB11E1C9D13
[82/100] id_pep=85 ó –¿—’Œ∆ƒ≈Õ»≈ Œ–√¿Õ»«¿÷»» (–î–º–∏—Ç—Ä—é–∫ –ò. –°.)
            Artonit org_guid: 441DC23B-2222-44D2-A999-4075FF028067 (1 –∫–æ—Ä–ø—É—Å)
            Parsec  org_guid: 76A9F070-EED5-4C7A-ABDD-DDB11E1C9D13
[83/100] id_pep=86 ó –¿—’Œ∆ƒ≈Õ»≈ Œ–√¿Õ»«¿÷»» (–î–æ–±—Ä–æ–¥–µ–π –°. –ê.)
            Artonit org_guid: 441DC23B-2222-44D2-A999-4075FF028067 (1 –∫–æ—Ä–ø—É—Å)
            Parsec  org_guid: 76A9F070-EED5-4C7A-ABDD-DDB11E1C9D13
[84/100] id_pep=87 ó –¿—’Œ∆ƒ≈Õ»≈ Œ–√¿Õ»«¿÷»» (–î–æ–±—Ä–æ–¥–µ–π –°.–ê.)
            Artonit org_guid: 441DC23B-2222-44D2-A999-4075FF028067 (1 –∫–æ—Ä–ø—É—Å)
            Parsec  org_guid: 76A9F070-EED5-4C7A-ABDD-DDB11E1C9D13
[85/100] id_pep=88 ó –¿—’Œ∆ƒ≈Õ»≈ Œ–√¿Õ»«¿÷»» (–î–æ–±—Ä–æ–¥–µ–π –¢.–í.)
            Artonit org_guid: 441DC23B-2222-44D2-A999-4075FF028067 (1 –∫–æ—Ä–ø—É—Å)
            Parsec  org_guid: 76A9F070-EED5-4C7A-ABDD-DDB11E1C9D13
[86/100] id_pep=89 ó –¿—’Œ∆ƒ≈Õ»≈ Œ–√¿Õ»«¿÷»» (–î–æ—Ä–¥–∂–∏–µ–≤ –û. –í.)
            Artonit org_guid: 441DC23B-2222-44D2-A999-4075FF028067 (1 –∫–æ—Ä–ø—É—Å)
            Parsec  org_guid: 76A9F070-EED5-4C7A-ABDD-DDB11E1C9D13
[87/100] id_pep=90 ó –¿—’Œ∆ƒ≈Õ»≈ Œ–√¿Õ»«¿÷»» (–î—Ä–∏—Ç—Ä–∏–µ–≤ –ê. –ê.)
            Artonit org_guid: 441DC23B-2222-44D2-A999-4075FF028067 (1 –∫–æ—Ä–ø—É—Å)
            Parsec  org_guid: 76A9F070-EED5-4C7A-ABDD-DDB11E1C9D13
[88/100] id_pep=91 ó –¿—’Œ∆ƒ≈Õ»≈ Œ–√¿Õ»«¿÷»» (–î—É–¥–æ. –í. –ê.)
            Artonit org_guid: 441DC23B-2222-44D2-A999-4075FF028067 (1 –∫–æ—Ä–ø—É—Å)
            Parsec  org_guid: 76A9F070-EED5-4C7A-ABDD-DDB11E1C9D13
[89/100] id_pep=92 ó –¿—’Œ∆ƒ≈Õ»≈ Œ–√¿Õ»«¿÷»» (–ï–≤—Å–µ–µ–≤ –ê. –ê.)
            Artonit org_guid: 441DC23B-2222-44D2-A999-4075FF028067 (1 –∫–æ—Ä–ø—É—Å)
            Parsec  org_guid: 76A9F070-EED5-4C7A-ABDD-DDB11E1C9D13
[90/100] id_pep=93 ó –¿—’Œ∆ƒ≈Õ»≈ Œ–√¿Õ»«¿÷»» (–ï–≤—Å–µ–µ–≤–∞ –ù. –í.)
            Artonit org_guid: 441DC23B-2222-44D2-A999-4075FF028067 (1 –∫–æ—Ä–ø—É—Å)
            Parsec  org_guid: 76A9F070-EED5-4C7A-ABDD-DDB11E1C9D13
[91/100] id_pep=94 ó –¿—’Œ∆ƒ≈Õ»≈ Œ–√¿Õ»«¿÷»» (–ï–ª–¥–∞—à–µ–≤)
            Artonit org_guid: 441DC23B-2222-44D2-A999-4075FF028067 (1 –∫–æ—Ä–ø—É—Å)
            Parsec  org_guid: 76A9F070-EED5-4C7A-ABDD-DDB11E1C9D13
[92/100] id_pep=95 ó –¿—’Œ∆ƒ≈Õ»≈ Œ–√¿Õ»«¿÷»» (–ï—Ä–≥—É–Ω–æ–≤ –ê. –ê.)
            Artonit org_guid: 441DC23B-2222-44D2-A999-4075FF028067 (1 –∫–æ—Ä–ø—É—Å)
            Parsec  org_guid: 76A9F070-EED5-4C7A-ABDD-DDB11E1C9D13
[93/100] id_pep=96 ó –¿—’Œ∆ƒ≈Õ»≈ Œ–√¿Õ»«¿÷»» (–ï—Ñ–∏–º–æ–≤ –ê. –ù.)
            Artonit org_guid: 441DC23B-2222-44D2-A999-4075FF028067 (1 –∫–æ—Ä–ø—É—Å)
            Parsec  org_guid: 76A9F070-EED5-4C7A-ABDD-DDB11E1C9D13
[94/100] id_pep=97 ó –¿—’Œ∆ƒ≈Õ»≈ Œ–√¿Õ»«¿÷»» (–ï—Ñ–∏–º–æ–≤ –ê. –ù.)
            Artonit org_guid: 441DC23B-2222-44D2-A999-4075FF028067 (1 –∫–æ—Ä–ø—É—Å)
            Parsec  org_guid: 76A9F070-EED5-4C7A-ABDD-DDB11E1C9D13
[95/100] id_pep=98 ó –¿—’Œ∆ƒ≈Õ»≈ Œ–√¿Õ»«¿÷»» (–ï—Ñ–∏–º–æ–≤ –ê.–ù.)
            Artonit org_guid: 441DC23B-2222-44D2-A999-4075FF028067 (1 –∫–æ—Ä–ø—É—Å)
            Parsec  org_guid: 76A9F070-EED5-4C7A-ABDD-DDB11E1C9D13
[96/100] id_pep=99 ó –¿—’Œ∆ƒ≈Õ»≈ Œ–√¿Õ»«¿÷»» (–ñ–∞—Ä–∫–æ–≤ –í.–í.)
            Artonit org_guid: 441DC23B-2222-44D2-A999-4075FF028067 (1 –∫–æ—Ä–ø—É—Å)
            Parsec  org_guid: 76A9F070-EED5-4C7A-ABDD-DDB11E1C9D13
[97/100] id_pep=100 ó –¿—’Œ∆ƒ≈Õ»≈ Œ–√¿Õ»«¿÷»» (–ñ–∞—Ä–∫–æ–≤ –í.–ú.)
            Artonit org_guid: 441DC23B-2222-44D2-A999-4075FF028067 (1 –∫–æ—Ä–ø—É—Å)
            Parsec  org_guid: 76A9F070-EED5-4C7A-ABDD-DDB11E1C9D13
[98/100] id_pep=101 ó –¿—’Œ∆ƒ≈Õ»≈ Œ–√¿Õ»«¿÷»» (–ñ–∏–≤–∏—Ü–∞ –ú.–ò.)
            Artonit org_guid: 441DC23B-2222-44D2-A999-4075FF028067 (1 –∫–æ—Ä–ø—É—Å)
            Parsec  org_guid: 76A9F070-EED5-4C7A-ABDD-DDB11E1C9D13
[99/100] id_pep=102 ó –¿—’Œ∆ƒ≈Õ»≈ Œ–√¿Õ»«¿÷»» (–ñ—É—Ä–∞–≤–ª–µ–≤–∞ –¢. –ê.)
            Artonit org_guid: 441DC23B-2222-44D2-A999-4075FF028067 (1 –∫–æ—Ä–ø—É—Å)
            Parsec  org_guid: 76A9F070-EED5-4C7A-ABDD-DDB11E1C9D13
[100/100] id_pep=103 ó –¿—’Œ∆ƒ≈Õ»≈ Œ–√¿Õ»«¿÷»» (–ó–∞–π—Ü–µ–≤—Å–∫–∞—è –ï. –í.)
            Artonit org_guid: 441DC23B-2222-44D2-A999-4075FF028067 (1 –∫–æ—Ä–ø—É—Å)
            Parsec  org_guid: 76A9F070-EED5-4C7A-ABDD-DDB11E1C9D13

=== »“Œ√» ===
¬ÒÂ„Ó ÔÓ‚ÂÂÌÓ:            100
≈ÒÚ¸ ‚ Parsec:              100
  ËÁ ÌËı org ÒÓ‚Ô‡‰‡ÂÚ:    0
  ËÁ ÌËı org ‡ÒıÓ‰ËÚÒˇ:   100
ÕÂÚ ‚ Parsec:               0
œÓÔÛ˘ÂÌÓ:                  0
Œ¯Ë·ÓÍ SOAP/ÓÚ‚ÂÚ‡:         0
—ÓÁ‰‡ÌÓ Á‡‰‡˜ ËÌÚÂ„‡ÚÓÛ:  0
¬ÂÏˇ ‚˚ÔÓÎÌÂÌËˇ:           22.23 ÒÂÍ

√ÓÚÓ‚Ó.
