[1286/4508] id_pep=1289	НЕТ В PARSEC	Хахулин Николай	Artonit org_guid: 441DC23B-2222-44D2-A999-4078FF028067 (5 корпус)		pep_guid: 441DC23B-1111-44D2-A999-1289FF028067
[1287/4508] id_pep=1290	НЕТ В PARSEC	Заселение 2	Artonit org_guid: 441DC23B-2222-44D2-A999-4078FF028067 (5 корпус)		pep_guid: 441DC23B-1111-44D2-A999-1290FF028067
[1288/4508] id_pep=1291	НЕТ В PARSEC	Охрана	Artonit org_guid: 441DC23B-2222-44D2-A999-4078FF028067 (5 корпус)		pep_guid: 441DC23B-1111-44D2-A999-1291FF028067
[1289/4508] id_pep=1292	НЕТ В PARSEC	Охрана	Artonit org_guid: 441DC23B-2222-44D2-A999-4078FF028067 (5 корпус)		pep_guid: 441DC23B-1111-44D2-A999-1292FF028067
[1290/4508] id_pep=1293	НЕТ В PARSEC	Охрана	Artonit org_guid: 441DC23B-2222-44D2-A999-4078FF028067 (5 корпус)		pep_guid: 441DC23B-1111-44D2-A999-1293FF028067
[1291/4508] id_pep=1294	НЕТ В PARSEC	Охрана	Artonit org_guid: 441DC23B-2222-44D2-A999-4078FF028067 (5 корпус)		pep_guid: 441DC23B-1111-44D2-A999-1294FF028067
[1292/4508] id_pep=1295	НЕТ В PARSEC	Савченко О.Ю.	Artonit org_guid: 441DC23B-2222-44D2-A999-4078FF028067 (5 корпус)		pep_guid: 441DC23B-1111-44D2-A999-1295FF028067
[1293/4508] id_pep=1296	НЕТ В PARSEC	Кругов А.	Artonit org_guid: 441DC23B-2222-44D2-A999-4078FF028067 (5 корпус)		pep_guid: 441DC23B-1111-44D2-A999-1296FF028067
[1294/4508] id_pep=1297	НЕТ В PARSEC	Технопарк	Artonit org_guid: 441DC23B-2222-44D2-A999-4078FF028067 (5 корпус)		pep_guid: 441DC23B-1111-44D2-A999-1297FF028067
[1295/4508] id_pep=1298	НЕТ В PARSEC	Кортрос	Artonit org_guid: 441DC23B-2222-44D2-A999-4078FF028067 (5 корпус)		pep_guid: 441DC23B-1111-44D2-A999-1298FF028067
[1296/4508] id_pep=1299	НЕТ В PARSEC	Железнов Д.Ю.	Artonit org_guid: 441DC23B-2222-44D2-A999-4078FF028067 (5 корпус)		pep_guid: 441DC23B-1111-44D2-A999-1299FF028067
[1297/4508] id_pep=1300	НЕТ В PARSEC	Заселение	Artonit org_guid: 441DC23B-2222-44D2-A999-4078FF028067 (5 корпус)		pep_guid: 441DC23B-1111-44D2-A999-1300FF028067
[1298/4508] id_pep=1301	НЕТ В PARSEC	Гринлифт	Artonit org_guid: 441DC23B-2222-44D2-A999-4078FF028067 (5 корпус)		pep_guid: 441DC23B-1111-44D2-A999-1301FF028067
[1299/4508] id_pep=1302	НЕТ В PARSEC	Хаус	Artonit org_guid: 441DC23B-2222-44D2-A999-4078FF028067 (5 корпус)		pep_guid: 441DC23B-1111-44D2-A999-1302FF028067
[1300/4508] id_pep=1303	НЕТ В PARSEC	Женя сантехник	Artonit org_guid: 441DC23B-2222-44D2-A999-4078FF028067 (5 корпус)		pep_guid: 441DC23B-1111-44D2-A999-1303FF028067
[1301/4508] id_pep=1304	НЕТ В PARSEC	102	Artonit org_guid: 441DC23B-2222-44D2-A999-4119FF028067 (102)		pep_guid: 441DC23B-1111-44D2-A999-1304FF028067
[1302/4508] id_pep=1305	НЕТ В PARSEC	Кортрос	Artonit org_guid: 441DC23B-2222-44D2-A999-4078FF028067 (5 корпус)		pep_guid: 441DC23B-1111-44D2-A999-1305FF028067
[1303/4508] id_pep=1306	НЕТ В PARSEC	89	Artonit org_guid: 441DC23B-2222-44D2-A999-4078FF028067 (5 корпус)		pep_guid: 441DC23B-1111-44D2-A999-1306FF028067
[1304/4508] id_pep=1307	НЕТ В PARSEC	68	Artonit org_guid: 441DC23B-2222-44D2-A999-4078FF028067 (5 корпус)		pep_guid: 441DC23B-1111-44D2-A999-1307FF028067
[1305/4508] id_pep=1308	НЕТ В PARSEC	94	Artonit org_guid: 441DC23B-2222-44D2-A999-4078FF028067 (5 корпус)		pep_guid: 441DC23B-1111-44D2-A999-1308FF028067
[1306/4508] id_pep=1309	НЕТ В PARSEC	94	Artonit org_guid: 441DC23B-2222-44D2-A999-4078FF028067 (5 корпус)		pep_guid: 441DC23B-1111-44D2-A999-1309FF028067
[1307/4508] id_pep=1310	НЕТ В PARSEC	90	Artonit org_guid: 441DC23B-2222-44D2-A999-4078FF028067 (5 корпус)		pep_guid: 441DC23B-1111-44D2-A999-1310FF028067
[1308/4508] id_pep=1311	НЕТ В PARSEC	Охрана	Artonit org_guid: 441DC23B-2222-44D2-A999-4078FF028067 (5 корпус)		pep_guid: 441DC23B-1111-44D2-A999-1311FF028067
[1309/4508] id_pep=1312	НЕТ В PARSEC	66	Artonit org_guid: 441DC23B-2222-44D2-A999-4078FF028067 (5 корпус)		pep_guid: 441DC23B-1111-44D2-A999-1312FF028067
[1310/4508] id_pep=1313	НЕТ В PARSEC	76	Artonit org_guid: 441DC23B-2222-44D2-A999-4078FF028067 (5 корпус)		pep_guid: 441DC23B-1111-44D2-A999-1313FF028067
[1311/4508] id_pep=1314	НЕТ В PARSEC	Воронцова О.	Artonit org_guid: 441DC23B-2222-44D2-A999-4078FF028067 (5 корпус)		pep_guid: 441DC23B-1111-44D2-A999-1314FF028067
[1312/4508] id_pep=1315	НЕТ В PARSEC	Катя	Artonit org_guid: 441DC23B-2222-44D2-A999-4078FF028067 (5 корпус)		pep_guid: 441DC23B-1111-44D2-A999-1315FF028067
[1313/4508] id_pep=1316	НЕТ В PARSEC	1	Artonit org_guid: 441DC23B-2222-44D2-A999-4114FF028067 (001)		pep_guid: 441DC23B-1111-44D2-A999-1316FF028067
[1314/4508] id_pep=1317	НЕТ В PARSEC	2	Artonit org_guid: 441DC23B-2222-44D2-A999-4078FF028067 (5 корпус)		pep_guid: 441DC23B-1111-44D2-A999-1317FF028067
[1315/4508] id_pep=1318	НЕТ В PARSEC	3	Artonit org_guid: 441DC23B-2222-44D2-A999-4078FF028067 (5 корпус)		pep_guid: 441DC23B-1111-44D2-A999-1318FF028067
[1316/4508] id_pep=1319	НЕТ В PARSEC	4	Artonit org_guid: 441DC23B-2222-44D2-A999-4078FF028067 (5 корпус)		pep_guid: 441DC23B-1111-44D2-A999-1319FF028067
[1317/4508] id_pep=1320	НЕТ В PARSEC	5	Artonit org_guid: 441DC23B-2222-44D2-A999-4078FF028067 (5 корпус)		pep_guid: 441DC23B-1111-44D2-A999-1320FF028067
[1318/4508] id_pep=1321	НЕТ В PARSEC	6	Artonit org_guid: 441DC23B-2222-44D2-A999-4117FF028067 (006)		pep_guid: 441DC23B-1111-44D2-A999-1321FF028067
[1319/4508] id_pep=1322	НЕТ В PARSEC	7	Artonit org_guid: 441DC23B-2222-44D2-A999-4078FF028067 (5 корпус)		pep_guid: 441DC23B-1111-44D2-A999-1322FF028067
[1320/4508] id_pep=1323	НЕТ В PARSEC	8	Artonit org_guid: 441DC23B-2222-44D2-A999-4078FF028067 (5 корпус)		pep_guid: 441DC23B-1111-44D2-A999-1323FF028067
[1321/4508] id_pep=1324	НЕТ В PARSEC	9	Artonit org_guid: 441DC23B-2222-44D2-A999-4078FF028067 (5 корпус)		pep_guid: 441DC23B-1111-44D2-A999-1324FF028067
[1322/4508] id_pep=1325	НЕТ В PARSEC	10	Artonit org_guid: 441DC23B-2222-44D2-A999-4115FF028067 (010)		pep_guid: 441DC23B-1111-44D2-A999-1325FF028067
[1323/4508] id_pep=1326	НЕТ В PARSEC	109	Artonit org_guid: 441DC23B-2222-44D2-A999-4127FF028067 (109)		pep_guid: 441DC23B-1111-44D2-A999-1326FF028067
[1324/4508] id_pep=1327	НЕТ В PARSEC	61	Artonit org_guid: 441DC23B-2222-44D2-A999-4078FF028067 (5 корпус)		pep_guid: 441DC23B-1111-44D2-A999-1327FF028067
[1325/4508] id_pep=1328	НЕТ В PARSEC	69	Artonit org_guid: 441DC23B-2222-44D2-A999-4078FF028067 (5 корпус)		pep_guid: 441DC23B-1111-44D2-A999-1328FF028067
[1326/4508] id_pep=1329	НЕТ В PARSEC	75	Artonit org_guid: 441DC23B-2222-44D2-A999-4078FF028067 (5 корпус)		pep_guid: 441DC23B-1111-44D2-A999-1329FF028067
[1327/4508] id_pep=1330	НЕТ В PARSEC	75	Artonit org_guid: 441DC23B-2222-44D2-A999-4078FF028067 (5 корпус)		pep_guid: 441DC23B-1111-44D2-A999-1330FF028067
[1328/4508] id_pep=1331	НЕТ В PARSEC	73	Artonit org_guid: 441DC23B-2222-44D2-A999-4078FF028067 (5 корпус)		pep_guid: 441DC23B-1111-44D2-A999-1331FF028067
[1329/4508] id_pep=1332	НЕТ В PARSEC	Саня интеллект	Artonit org_guid: 441DC23B-2222-44D2-A999-4078FF028067 (5 корпус)		pep_guid: 441DC23B-1111-44D2-A999-1332FF028067
[1330/4508] id_pep=1333	НЕТ В PARSEC	Тохтуев Дмитрий	Artonit org_guid: 441DC23B-2222-44D2-A999-4078FF028067 (5 корпус)		pep_guid: 441DC23B-1111-44D2-A999-1333FF028067
[1331/4508] id_pep=1334	НЕТ В PARSEC	Лешуков В.Д	Artonit org_guid: 441DC23B-2222-44D2-A999-4078FF028067 (5 корпус)		pep_guid: 441DC23B-1111-44D2-A999-1334FF028067
[1332/4508] id_pep=1335	НЕТ В PARSEC	109	Artonit org_guid: 441DC23B-2222-44D2-A999-4127FF028067 (109)		pep_guid: 441DC23B-1111-44D2-A999-1335FF028067
[1333/4508] id_pep=1336	НЕТ В PARSEC	Тюкова К.О.	Artonit org_guid: 441DC23B-2222-44D2-A999-4078FF028067 (5 корпус)		pep_guid: 441DC23B-1111-44D2-A999-1336FF028067
[1334/4508] id_pep=1337	НЕТ В PARSEC	110	Artonit org_guid: 441DC23B-2222-44D2-A999-4129FF028067 (110)		pep_guid: 441DC23B-1111-44D2-A999-1337FF028067
[1335/4508] id_pep=1338	НЕТ В PARSEC	62	Artonit org_guid: 441DC23B-2222-44D2-A999-4078FF028067 (5 корпус)		pep_guid: 441DC23B-1111-44D2-A999-1338FF028067
[1336/4508] id_pep=1339	НЕТ В PARSEC	83	Artonit org_guid: 441DC23B-2222-44D2-A999-4078FF028067 (5 корпус)		pep_guid: 441DC23B-1111-44D2-A999-1339FF028067
[1337/4508] id_pep=1340	НЕТ В PARSEC	54	Artonit org_guid: 441DC23B-2222-44D2-A999-4078FF028067 (5 корпус)		pep_guid: 441DC23B-1111-44D2-A999-1340FF028067
[1338/4508] id_pep=1341	НЕТ В PARSEC	101	Artonit org_guid: 441DC23B-2222-44D2-A999-4118FF028067 (101)		pep_guid: 441DC23B-1111-44D2-A999-1341FF028067
[1339/4508] id_pep=1342	НЕТ В PARSEC	Лифтер	Artonit org_guid: 441DC23B-2222-44D2-A999-4078FF028067 (5 корпус)		pep_guid: 441DC23B-1111-44D2-A999-1342FF028067
[1340/4508] id_pep=1343	НЕТ В PARSEC	Лифтер	Artonit org_guid: 441DC23B-2222-44D2-A999-4078FF028067 (5 корпус)		pep_guid: 441DC23B-1111-44D2-A999-1343FF028067
[1341/4508] id_pep=1344	НЕТ В PARSEC	77	Artonit org_guid: 441DC23B-2222-44D2-A999-4078FF028067 (5 корпус)		pep_guid: 441DC23B-1111-44D2-A999-1344FF028067
[1342/4508] id_pep=1345	НЕТ В PARSEC	Инженер	Artonit org_guid: 441DC23B-2222-44D2-A999-4078FF028067 (5 корпус)		pep_guid: 441DC23B-1111-44D2-A999-1345FF028067
[1343/4508] id_pep=1346	НЕТ В PARSEC	77	Artonit org_guid: 441DC23B-2222-44D2-A999-4078FF028067 (5 корпус)		pep_guid: 441DC23B-1111-44D2-A999-1346FF028067
[1344/4508] id_pep=1347	НЕТ В PARSEC	Александров Андрей	Artonit org_guid: 441DC23B-2222-44D2-A999-4078FF028067 (5 корпус)		pep_guid: 441DC23B-1111-44D2-A999-1347FF028067
[1345/4508] id_pep=1348	НЕТ В PARSEC	подряд. по сантехнике от технадзора	Artonit org_guid: 441DC23B-2222-44D2-A999-4078FF028067 (5 корпус)		pep_guid: 441DC23B-1111-44D2-A999-1348FF028067
[1346/4508] id_pep=1349	НЕТ В PARSEC	Юрий Александрович	Artonit org_guid: 441DC23B-2222-44D2-A999-4078FF028067 (5 корпус)		pep_guid: 441DC23B-1111-44D2-A999-1349FF028067
[1347/4508] id_pep=1350	НЕТ В PARSEC	61	Artonit org_guid: 441DC23B-2222-44D2-A999-4078FF028067 (5 корпус)		pep_guid: 441DC23B-1111-44D2-A999-1350FF028067
[1348/4508] id_pep=1351	НЕТ В PARSEC	61	Artonit org_guid: 441DC23B-2222-44D2-A999-4078FF028067 (5 корпус)		pep_guid: 441DC23B-1111-44D2-A999-1351FF028067
[1349/4508] id_pep=1352	НЕТ В PARSEC	61	Artonit org_guid: 441DC23B-2222-44D2-A999-4078FF028067 (5 корпус)		pep_guid: 441DC23B-1111-44D2-A999-1352FF028067
[1350/4508] id_pep=1353	НЕТ В PARSEC	4	Artonit org_guid: 441DC23B-2222-44D2-A999-4078FF028067 (5 корпус)		pep_guid: 441DC23B-1111-44D2-A999-1353FF028067
[1351/4508] id_pep=1354	НЕТ В PARSEC	37	Artonit org_guid: 441DC23B-2222-44D2-A999-4078FF028067 (5 корпус)		pep_guid: 441DC23B-1111-44D2-A999-1354FF028067
[1352/4508] id_pep=1355	НЕТ В PARSEC	26	Artonit org_guid: 441DC23B-2222-44D2-A999-4078FF028067 (5 корпус)		pep_guid: 441DC23B-1111-44D2-A999-1355FF028067
[1353/4508] id_pep=1356	НЕТ В PARSEC	26	Artonit org_guid: 441DC23B-2222-44D2-A999-4078FF028067 (5 корпус)		pep_guid: 441DC23B-1111-44D2-A999-1356FF028067
[1354/4508] id_pep=1357	НЕТ В PARSEC	20	Artonit org_guid: 441DC23B-2222-44D2-A999-4078FF028067 (5 корпус)		pep_guid: 441DC23B-1111-44D2-A999-1357FF028067
[1355/4508] id_pep=1358	НЕТ В PARSEC	20	Artonit org_guid: 441DC23B-2222-44D2-A999-4078FF028067 (5 корпус)		pep_guid: 441DC23B-1111-44D2-A999-1358FF028067
[1356/4508] id_pep=1359	НЕТ В PARSEC	20	Artonit org_guid: 441DC23B-2222-44D2-A999-4078FF028067 (5 корпус)		pep_guid: 441DC23B-1111-44D2-A999-1359FF028067
[1357/4508] id_pep=1360	НЕТ В PARSEC	20	Artonit org_guid: 441DC23B-2222-44D2-A999-4078FF028067 (5 корпус)		pep_guid: 441DC23B-1111-44D2-A999-1360FF028067
[1358/4508] id_pep=1361	НЕТ В PARSEC	40	Artonit org_guid: 441DC23B-2222-44D2-A999-4078FF028067 (5 корпус)		pep_guid: 441DC23B-1111-44D2-A999-1361FF028067
[1359/4508] id_pep=1362	НЕТ В PARSEC	40	Artonit org_guid: 441DC23B-2222-44D2-A999-4078FF028067 (5 корпус)		pep_guid: 441DC23B-1111-44D2-A999-1362FF028067
[1360/4508] id_pep=1363	НЕТ В PARSEC	5	Artonit org_guid: 441DC23B-2222-44D2-A999-4078FF028067 (5 корпус)		pep_guid: 441DC23B-1111-44D2-A999-1363FF028067
[1361/4508] id_pep=1364	НЕТ В PARSEC	27	Artonit org_guid: 441DC23B-2222-44D2-A999-4078FF028067 (5 корпус)		pep_guid: 441DC23B-1111-44D2-A999-1364FF028067
[1362/4508] id_pep=1365	НЕТ В PARSEC	Заселение	Artonit org_guid: 441DC23B-2222-44D2-A999-4078FF028067 (5 корпус)		pep_guid: 441DC23B-1111-44D2-A999-1365FF028067
[1363/4508] id_pep=1366	НЕТ В PARSEC	38	Artonit org_guid: 441DC23B-2222-44D2-A999-4078FF028067 (5 корпус)		pep_guid: 441DC23B-1111-44D2-A999-1366FF028067
[1364/4508] id_pep=1367	НЕТ В PARSEC	22	Artonit org_guid: 441DC23B-2222-44D2-A999-4078FF028067 (5 корпус)		pep_guid: 441DC23B-1111-44D2-A999-1367FF028067
[1365/4508] id_pep=1368	НЕТ В PARSEC	22	Artonit org_guid: 441DC23B-2222-44D2-A999-4078FF028067 (5 корпус)		pep_guid: 441DC23B-1111-44D2-A999-1368FF028067
[1366/4508] id_pep=1369	НЕТ В PARSEC	28	Artonit org_guid: 441DC23B-2222-44D2-A999-4078FF028067 (5 корпус)		pep_guid: 441DC23B-1111-44D2-A999-1369FF028067
[1367/4508] id_pep=1371	НЕТ В PARSEC	38	Artonit org_guid: 441DC23B-2222-44D2-A999-4078FF028067 (5 корпус)		pep_guid: 441DC23B-1111-44D2-A999-1371FF028067
[1369/4508] id_pep=1373	НЕТ В PARSEC	Консьерж 2024	Artonit org_guid: 441DC23B-2222-44D2-A999-4078FF028067 (5 корпус)		pep_guid: 441DC23B-1111-44D2-A999-1373FF028067
[1371/4508] id_pep=1375	НЕТ В PARSEC	29	Artonit org_guid: 441DC23B-2222-44D2-A999-4078FF028067 (5 корпус)		pep_guid: 441DC23B-1111-44D2-A999-1375FF028067
[1372/4508] id_pep=1376	НЕТ В PARSEC	48	Artonit org_guid: 441DC23B-2222-44D2-A999-4078FF028067 (5 корпус)		pep_guid: 441DC23B-1111-44D2-A999-1376FF028067
[1373/4508] id_pep=1377	НЕТ В PARSEC	8	Artonit org_guid: 441DC23B-2222-44D2-A999-4078FF028067 (5 корпус)		pep_guid: 441DC23B-1111-44D2-A999-1377FF028067
[1385/4508] id_pep=1389	НЕТ В PARSEC	17	Artonit org_guid: 441DC23B-2222-44D2-A999-4221FF028067 (017)		pep_guid: 441DC23B-1111-44D2-A999-1389FF028067
[1386/4508] id_pep=1390	НЕТ В PARSEC	41	Artonit org_guid: 441DC23B-2222-44D2-A999-4078FF028067 (5 корпус)		pep_guid: 441DC23B-1111-44D2-A999-1390FF028067
[1387/4508] id_pep=1391	НЕТ В PARSEC	Денис Неволин	Artonit org_guid: 441DC23B-2222-44D2-A999-4078FF028067 (5 корпус)		pep_guid: 441DC23B-1111-44D2-A999-1391FF028067
[1388/4508] id_pep=1392	НЕТ В PARSEC	11	Artonit org_guid: 441DC23B-2222-44D2-A999-4130FF028067 (011)		pep_guid: 441DC23B-1111-44D2-A999-1392FF028067
[1389/4508] id_pep=1393	НЕТ В PARSEC	Заселение	Artonit org_guid: 441DC23B-2222-44D2-A999-4078FF028067 (5 корпус)		pep_guid: 441DC23B-1111-44D2-A999-1393FF028067
[1390/4508] id_pep=1394	НЕТ В PARSEC	Заселение	Artonit org_guid: 441DC23B-2222-44D2-A999-4078FF028067 (5 корпус)		pep_guid: 441DC23B-1111-44D2-A999-1394FF028067
[1394/4508] id_pep=1398	НЕТ В PARSEC	9	Artonit org_guid: 441DC23B-2222-44D2-A999-4078FF028067 (5 корпус)		pep_guid: 441DC23B-1111-44D2-A999-1398FF028067
[1430/4508] id_pep=1434	НЕТ В PARSEC	25	Artonit org_guid: 441DC23B-2222-44D2-A999-4078FF028067 (5 корпус)		pep_guid: 441DC23B-1111-44D2-A999-1434FF028067
[1431/4508] id_pep=1435	НЕТ В PARSEC	24	Artonit org_guid: 441DC23B-2222-44D2-A999-4078FF028067 (5 корпус)		pep_guid: 441DC23B-1111-44D2-A999-1435FF028067
[1432/4508] id_pep=1436	НЕТ В PARSEC	36	Artonit org_guid: 441DC23B-2222-44D2-A999-4078FF028067 (5 корпус)		pep_guid: 441DC23B-1111-44D2-A999-1436FF028067
[1433/4508] id_pep=1437	НЕТ В PARSEC	36	Artonit org_guid: 441DC23B-2222-44D2-A999-4078FF028067 (5 корпус)		pep_guid: 441DC23B-1111-44D2-A999-1437FF028067
[1434/4508] id_pep=1438	НЕТ В PARSEC	28	Artonit org_guid: 441DC23B-2222-44D2-A999-4078FF028067 (5 корпус)		pep_guid: 441DC23B-1111-44D2-A999-1438FF028067
[1435/4508] id_pep=1439	НЕТ В PARSEC	28	Artonit org_guid: 441DC23B-2222-44D2-A999-4078FF028067 (5 корпус)		pep_guid: 441DC23B-1111-44D2-A999-1439FF028067
[1436/4508] id_pep=1440	НЕТ В PARSEC	28	Artonit org_guid: 441DC23B-2222-44D2-A999-4078FF028067 (5 корпус)		pep_guid: 441DC23B-1111-44D2-A999-1440FF028067
[1437/4508] id_pep=1441	НЕТ В PARSEC	54	Artonit org_guid: 441DC23B-2222-44D2-A999-4078FF028067 (5 корпус)		pep_guid: 441DC23B-1111-44D2-A999-1441FF028067
[1438/4508] id_pep=1442	НЕТ В PARSEC	54	Artonit org_guid: 441DC23B-2222-44D2-A999-4078FF028067 (5 корпус)		pep_guid: 441DC23B-1111-44D2-A999-1442FF028067
[1439/4508] id_pep=1443	НЕТ В PARSEC	ОРК Катя	Artonit org_guid: 441DC23B-2222-44D2-A999-4078FF028067 (5 корпус)		pep_guid: 441DC23B-1111-44D2-A999-1443FF028067
[1450/4508] id_pep=1454	НЕТ В PARSEC	2	Artonit org_guid: 441DC23B-2222-44D2-A999-4078FF028067 (5 корпус)		pep_guid: 441DC23B-1111-44D2-A999-1454FF028067
[1456/4508] id_pep=1460	НЕТ В PARSEC	47	Artonit org_guid: 441DC23B-2222-44D2-A999-4078FF028067 (5 корпус)		pep_guid: 441DC23B-1111-44D2-A999-1460FF028067
[1473/4508] id_pep=1477	НЕТ В PARSEC	30	Artonit org_guid: 441DC23B-2222-44D2-A999-4078FF028067 (5 корпус)		pep_guid: 441DC23B-1111-44D2-A999-1477FF028067
[1493/4508] id_pep=1497	НЕТ В PARSEC	115	Artonit org_guid: 441DC23B-2222-44D2-A999-4135FF028067 (115)		pep_guid: 441DC23B-1111-44D2-A999-1497FF028067
[1506/4508] id_pep=1510	НЕТ В PARSEC	24	Artonit org_guid: 441DC23B-2222-44D2-A999-4078FF028067 (5 корпус)		pep_guid: 441DC23B-1111-44D2-A999-1510FF028067
[1507/4508] id_pep=1511	НЕТ В PARSEC	24	Artonit org_guid: 441DC23B-2222-44D2-A999-4078FF028067 (5 корпус)		pep_guid: 441DC23B-1111-44D2-A999-1511FF028067
[1508/4508] id_pep=1512	НЕТ В PARSEC	24	Artonit org_guid: 441DC23B-2222-44D2-A999-4078FF028067 (5 корпус)		pep_guid: 441DC23B-1111-44D2-A999-1512FF028067
[1509/4508] id_pep=1513	НЕТ В PARSEC	24	Artonit org_guid: 441DC23B-2222-44D2-A999-4078FF028067 (5 корпус)		pep_guid: 441DC23B-1111-44D2-A999-1513FF028067
[1510/4508] id_pep=1514	НЕТ В PARSEC	30	Artonit org_guid: 441DC23B-2222-44D2-A999-4078FF028067 (5 корпус)		pep_guid: 441DC23B-1111-44D2-A999-1514FF028067
[1511/4508] id_pep=1515	НЕТ В PARSEC	30	Artonit org_guid: 441DC23B-2222-44D2-A999-4078FF028067 (5 корпус)		pep_guid: 441DC23B-1111-44D2-A999-1515FF028067
[1512/4508] id_pep=1516	НЕТ В PARSEC	30	Artonit org_guid: 441DC23B-2222-44D2-A999-4078FF028067 (5 корпус)		pep_guid: 441DC23B-1111-44D2-A999-1516FF028067
[1513/4508] id_pep=1517	НЕТ В PARSEC	5	Artonit org_guid: 441DC23B-2222-44D2-A999-4078FF028067 (5 корпус)		pep_guid: 441DC23B-1111-44D2-A999-1517FF028067
[1514/4508] id_pep=1518	НЕТ В PARSEC	38	Artonit org_guid: 441DC23B-2222-44D2-A999-4078FF028067 (5 корпус)		pep_guid: 441DC23B-1111-44D2-A999-1518FF028067
[1515/4508] id_pep=1519	НЕТ В PARSEC	38	Artonit org_guid: 441DC23B-2222-44D2-A999-4078FF028067 (5 корпус)		pep_guid: 441DC23B-1111-44D2-A999-1519FF028067
[1516/4508] id_pep=1520	НЕТ В PARSEC	38	Artonit org_guid: 441DC23B-2222-44D2-A999-4078FF028067 (5 корпус)		pep_guid: 441DC23B-1111-44D2-A999-1520FF028067
[1529/4508] id_pep=1533	НЕТ В PARSEC	Остапчук А.С.	Artonit org_guid: 441DC23B-2222-44D2-A999-4078FF028067 (5 корпус)		pep_guid: 441DC23B-1111-44D2-A999-1533FF028067
[1552/4508] id_pep=1556	НЕТ В PARSEC	45	Artonit org_guid: 441DC23B-2222-44D2-A999-4078FF028067 (5 корпус)		pep_guid: 441DC23B-1111-44D2-A999-1556FF028067
[1554/4508] id_pep=1558	НЕТ В PARSEC	46	Artonit org_guid: 441DC23B-2222-44D2-A999-4078FF028067 (5 корпус)		pep_guid: 441DC23B-1111-44D2-A999-1558FF028067
[1557/4508] id_pep=1561	НЕТ В PARSEC	10	Artonit org_guid: 441DC23B-2222-44D2-A999-4115FF028067 (010)		pep_guid: 441DC23B-1111-44D2-A999-1561FF028067
[1560/4508] id_pep=1564	НЕТ В PARSEC	115	Artonit org_guid: 441DC23B-2222-44D2-A999-4135FF028067 (115)		pep_guid: 441DC23B-1111-44D2-A999-1564FF028067
[1563/4508] id_pep=1567	НЕТ В PARSEC	1	Artonit org_guid: 441DC23B-2222-44D2-A999-4114FF028067 (001)		pep_guid: 441DC23B-1111-44D2-A999-1567FF028067
[1573/4508] id_pep=1577	НЕТ В PARSEC	16	Artonit org_guid: 441DC23B-2222-44D2-A999-4220FF028067 (016)		pep_guid: 441DC23B-1111-44D2-A999-1577FF028067
[1588/4508] id_pep=1592	НЕТ В PARSEC	гл. Инженер Юнисервис	Artonit org_guid: 441DC23B-2222-44D2-A999-4078FF028067 (5 корпус)		pep_guid: 441DC23B-1111-44D2-A999-1592FF028067
[1601/4508] id_pep=1607	НЕТ В PARSEC	80	Artonit org_guid: 441DC23B-2222-44D2-A999-4078FF028067 (5 корпус)		pep_guid: 441DC23B-1111-44D2-A999-1607FF028067
[1602/4508] id_pep=1608	НЕТ В PARSEC	80	Artonit org_guid: 441DC23B-2222-44D2-A999-4078FF028067 (5 корпус)		pep_guid: 441DC23B-1111-44D2-A999-1608FF028067
[1606/4508] id_pep=1612	НЕТ В PARSEC	1	Artonit org_guid: 441DC23B-2222-44D2-A999-4114FF028067 (001)		pep_guid: 441DC23B-1111-44D2-A999-1612FF028067
[1607/4508] id_pep=1613	НЕТ В PARSEC	1	Artonit org_guid: 441DC23B-2222-44D2-A999-4114FF028067 (001)		pep_guid: 441DC23B-1111-44D2-A999-1613FF028067
[1608/4508] id_pep=1614	НЕТ В PARSEC	1	Artonit org_guid: 441DC23B-2222-44D2-A999-4114FF028067 (001)		pep_guid: 441DC23B-1111-44D2-A999-1614FF028067
[1609/4508] id_pep=1615	НЕТ В PARSEC	1	Artonit org_guid: 441DC23B-2222-44D2-A999-4114FF028067 (001)		pep_guid: 441DC23B-1111-44D2-A999-1615FF028067
[1615/4508] id_pep=1621	НЕТ В PARSEC	59	Artonit org_guid: 441DC23B-2222-44D2-A999-4078FF028067 (5 корпус)		pep_guid: 441DC23B-1111-44D2-A999-1621FF028067
[1624/4508] id_pep=1630	НЕТ В PARSEC	115	Artonit org_guid: 441DC23B-2222-44D2-A999-4135FF028067 (115)		pep_guid: 441DC23B-1111-44D2-A999-1630FF028067
[1627/4508] id_pep=1633	НЕТ В PARSEC	32	Artonit org_guid: 441DC23B-2222-44D2-A999-4078FF028067 (5 корпус)		pep_guid: 441DC23B-1111-44D2-A999-1633FF028067
[1629/4508] id_pep=1635	НЕТ В PARSEC	34	Artonit org_guid: 441DC23B-2222-44D2-A999-4078FF028067 (5 корпус)		pep_guid: 441DC23B-1111-44D2-A999-1635FF028067
[1633/4508] id_pep=1639	НЕТ В PARSEC	43	Artonit org_guid: 441DC23B-2222-44D2-A999-4078FF028067 (5 корпус)		pep_guid: 441DC23B-1111-44D2-A999-1639FF028067
[1664/4508] id_pep=1671	НЕТ В PARSEC	Тимербаев Д.Р.	Artonit org_guid: 441DC23B-2222-44D2-A999-4078FF028067 (5 корпус)		pep_guid: 441DC23B-1111-44D2-A999-1671FF028067
[1666/4508] id_pep=1673	НЕТ В PARSEC	42	Artonit org_guid: 441DC23B-2222-44D2-A999-4078FF028067 (5 корпус)		pep_guid: 441DC23B-1111-44D2-A999-1673FF028067
[1712/4508] id_pep=1720	НЕТ В PARSEC	49	Artonit org_guid: 441DC23B-2222-44D2-A999-4078FF028067 (5 корпус)		pep_guid: 441DC23B-1111-44D2-A999-1720FF028067
[1713/4508] id_pep=1721	НЕТ В PARSEC	49	Artonit org_guid: 441DC23B-2222-44D2-A999-4078FF028067 (5 корпус)		pep_guid: 441DC23B-1111-44D2-A999-1721FF028067
[1714/4508] id_pep=1722	НЕТ В PARSEC	49	Artonit org_guid: 441DC23B-2222-44D2-A999-4078FF028067 (5 корпус)		pep_guid: 441DC23B-1111-44D2-A999-1722FF028067
[1717/4508] id_pep=1725	НЕТ В PARSEC	Вездеход 2	Artonit org_guid: 441DC23B-2222-44D2-A999-4078FF028067 (5 корпус)		pep_guid: 441DC23B-1111-44D2-A999-1725FF028067
[1718/4508] id_pep=1726	НЕТ В PARSEC	Адам ФАСТЕК	Artonit org_guid: 441DC23B-2222-44D2-A999-4078FF028067 (5 корпус)		pep_guid: 441DC23B-1111-44D2-A999-1726FF028067
[1723/4508] id_pep=1731	НЕТ В PARSEC	3 ап.	Artonit org_guid: 441DC23B-2222-44D2-A999-4078FF028067 (5 корпус)		pep_guid: 441DC23B-1111-44D2-A999-1731FF028067
[1767/4508] id_pep=1775	НЕТ В PARSEC	27	Artonit org_guid: 441DC23B-2222-44D2-A999-4078FF028067 (5 корпус)		pep_guid: 441DC23B-1111-44D2-A999-1775FF028067
[1779/4508] id_pep=1787	НЕТ В PARSEC	Юдин В.И.	Artonit org_guid: 441DC23B-2222-44D2-A999-4078FF028067 (5 корпус)		pep_guid: 441DC23B-1111-44D2-A999-1787FF028067
[1785/4508] id_pep=1794	НЕТ В PARSEC	97	Artonit org_guid: 441DC23B-2222-44D2-A999-4078FF028067 (5 корпус)		pep_guid: 441DC23B-1111-44D2-A999-1794FF028067
[1817/4508] id_pep=1826	НЕТ В PARSEC	Илюхин Д.С.	Artonit org_guid: 441DC23B-2222-44D2-A999-4078FF028067 (5 корпус)		pep_guid: 441DC23B-1111-44D2-A999-1826FF028067
[1831/4508] id_pep=1840	НЕТ В PARSEC	4	Artonit org_guid: 441DC23B-2222-44D2-A999-4078FF028067 (5 корпус)		pep_guid: 441DC23B-1111-44D2-A999-1840FF028067
[1832/4508] id_pep=1841	НЕТ В PARSEC	41	Artonit org_guid: 441DC23B-2222-44D2-A999-4078FF028067 (5 корпус)		pep_guid: 441DC23B-1111-44D2-A999-1841FF028067
[1833/4508] id_pep=1842	НЕТ В PARSEC	41	Artonit org_guid: 441DC23B-2222-44D2-A999-4078FF028067 (5 корпус)		pep_guid: 441DC23B-1111-44D2-A999-1842FF028067
[1834/4508] id_pep=1843	НЕТ В PARSEC	41	Artonit org_guid: 441DC23B-2222-44D2-A999-4078FF028067 (5 корпус)		pep_guid: 441DC23B-1111-44D2-A999-1843FF028067
[1837/4508] id_pep=1846	НЕТ В PARSEC	87	Artonit org_guid: 441DC23B-2222-44D2-A999-4078FF028067 (5 корпус)		pep_guid: 441DC23B-1111-44D2-A999-1846FF028067
[1844/4508] id_pep=1853	НЕТ В PARSEC	Рубцов М.И.	Artonit org_guid: 441DC23B-2222-44D2-A999-4078FF028067 (5 корпус)		pep_guid: 441DC23B-1111-44D2-A999-1853FF028067
[1848/4508] id_pep=1857	НЕТ В PARSEC	110	Artonit org_guid: 441DC23B-2222-44D2-A999-4129FF028067 (110)		pep_guid: 441DC23B-1111-44D2-A999-1857FF028067
[1849/4508] id_pep=1858	НЕТ В PARSEC	110	Artonit org_guid: 441DC23B-2222-44D2-A999-4129FF028067 (110)		pep_guid: 441DC23B-1111-44D2-A999-1858FF028067
[1850/4508] id_pep=1859	НЕТ В PARSEC	110	Artonit org_guid: 441DC23B-2222-44D2-A999-4129FF028067 (110)		pep_guid: 441DC23B-1111-44D2-A999-1859FF028067
[1851/4508] id_pep=1860	НЕТ В PARSEC	110	Artonit org_guid: 441DC23B-2222-44D2-A999-4129FF028067 (110)		pep_guid: 441DC23B-1111-44D2-A999-1860FF028067
[1852/4508] id_pep=1861	НЕТ В PARSEC	110	Artonit org_guid: 441DC23B-2222-44D2-A999-4129FF028067 (110)		pep_guid: 441DC23B-1111-44D2-A999-1861FF028067
[1866/4508] id_pep=1875	НЕТ В PARSEC	6	Artonit org_guid: 441DC23B-2222-44D2-A999-4117FF028067 (006)		pep_guid: 441DC23B-1111-44D2-A999-1875FF028067
[1867/4508] id_pep=1876	НЕТ В PARSEC	Митченко Светлана	Artonit org_guid: 441DC23B-2222-44D2-A999-4078FF028067 (5 корпус)		pep_guid: 441DC23B-1111-44D2-A999-1876FF028067
[1868/4508] id_pep=1877	НЕТ В PARSEC	59	Artonit org_guid: 441DC23B-2222-44D2-A999-4078FF028067 (5 корпус)		pep_guid: 441DC23B-1111-44D2-A999-1877FF028067
[1869/4508] id_pep=1878	НЕТ В PARSEC	59	Artonit org_guid: 441DC23B-2222-44D2-A999-4078FF028067 (5 корпус)		pep_guid: 441DC23B-1111-44D2-A999-1878FF028067
[1870/4508] id_pep=1879	НЕТ В PARSEC	59	Artonit org_guid: 441DC23B-2222-44D2-A999-4078FF028067 (5 корпус)		pep_guid: 441DC23B-1111-44D2-A999-1879FF028067
[1871/4508] id_pep=1880	НЕТ В PARSEC	59	Artonit org_guid: 441DC23B-2222-44D2-A999-4078FF028067 (5 корпус)		pep_guid: 441DC23B-1111-44D2-A999-1880FF028067
[1873/4508] id_pep=1882	НЕТ В PARSEC	40	Artonit org_guid: 441DC23B-2222-44D2-A999-4078FF028067 (5 корпус)		pep_guid: 441DC23B-1111-44D2-A999-1882FF028067
[1874/4508] id_pep=1883	НЕТ В PARSEC	40	Artonit org_guid: 441DC23B-2222-44D2-A999-4078FF028067 (5 корпус)		pep_guid: 441DC23B-1111-44D2-A999-1883FF028067
[1875/4508] id_pep=1884	НЕТ В PARSEC	40	Artonit org_guid: 441DC23B-2222-44D2-A999-4078FF028067 (5 корпус)		pep_guid: 441DC23B-1111-44D2-A999-1884FF028067
[1886/4508] id_pep=1895	НЕТ В PARSEC	83	Artonit org_guid: 441DC23B-2222-44D2-A999-4078FF028067 (5 корпус)		pep_guid: 441DC23B-1111-44D2-A999-1895FF028067
[1887/4508] id_pep=1896	НЕТ В PARSEC	83	Artonit org_guid: 441DC23B-2222-44D2-A999-4078FF028067 (5 корпус)		pep_guid: 441DC23B-1111-44D2-A999-1896FF028067
[1888/4508] id_pep=1897	НЕТ В PARSEC	83	Artonit org_guid: 441DC23B-2222-44D2-A999-4078FF028067 (5 корпус)		pep_guid: 441DC23B-1111-44D2-A999-1897FF028067
[1894/4508] id_pep=1903	НЕТ В PARSEC	44	Artonit org_guid: 441DC23B-2222-44D2-A999-4078FF028067 (5 корпус)		pep_guid: 441DC23B-1111-44D2-A999-1903FF028067
[1925/4508] id_pep=1934	НЕТ В PARSEC	46	Artonit org_guid: 441DC23B-2222-44D2-A999-4078FF028067 (5 корпус)		pep_guid: 441DC23B-1111-44D2-A999-1934FF028067
[1926/4508] id_pep=1935	НЕТ В PARSEC	46	Artonit org_guid: 441DC23B-2222-44D2-A999-4078FF028067 (5 корпус)		pep_guid: 441DC23B-1111-44D2-A999-1935FF028067
[1927/4508] id_pep=1936	НЕТ В PARSEC	35	Artonit org_guid: 441DC23B-2222-44D2-A999-4078FF028067 (5 корпус)		pep_guid: 441DC23B-1111-44D2-A999-1936FF028067
[1928/4508] id_pep=1937	НЕТ В PARSEC	35	Artonit org_guid: 441DC23B-2222-44D2-A999-4078FF028067 (5 корпус)		pep_guid: 441DC23B-1111-44D2-A999-1937FF028067
[1929/4508] id_pep=1938	НЕТ В PARSEC	85	Artonit org_guid: 441DC23B-2222-44D2-A999-4078FF028067 (5 корпус)		pep_guid: 441DC23B-1111-44D2-A999-1938FF028067
[1935/4508] id_pep=1944	НЕТ В PARSEC	16	Artonit org_guid: 441DC23B-2222-44D2-A999-4220FF028067 (016)		pep_guid: 441DC23B-1111-44D2-A999-1944FF028067
[1936/4508] id_pep=1945	НЕТ В PARSEC	16	Artonit org_guid: 441DC23B-2222-44D2-A999-4220FF028067 (016)		pep_guid: 441DC23B-1111-44D2-A999-1945FF028067
[1937/4508] id_pep=1946	НЕТ В PARSEC	16	Artonit org_guid: 441DC23B-2222-44D2-A999-4220FF028067 (016)		pep_guid: 441DC23B-1111-44D2-A999-1946FF028067
[1938/4508] id_pep=1950	НЕТ В PARSEC	Пульсар	Artonit org_guid: 441DC23B-2222-44D2-A999-4078FF028067 (5 корпус)		pep_guid: 441DC23B-1111-44D2-A999-1950FF028067
[1945/4508] id_pep=1957	НЕТ В PARSEC	МОЭК	Artonit org_guid: 441DC23B-2222-44D2-A999-4078FF028067 (5 корпус)		pep_guid: 441DC23B-1111-44D2-A999-1957FF028067
[1947/4508] id_pep=1959	НЕТ В PARSEC	Клининг 2024 Менеджер по качеству	Artonit org_guid: 441DC23B-2222-44D2-A999-4078FF028067 (5 корпус)		pep_guid: 441DC23B-1111-44D2-A999-1959FF028067
[1948/4508] id_pep=1962	НЕТ В PARSEC	Якупова Х.С.	Artonit org_guid: 441DC23B-2222-44D2-A999-4078FF028067 (5 корпус)		pep_guid: 441DC23B-1111-44D2-A999-1962FF028067
[1949/4508] id_pep=1963	НЕТ В PARSEC	Федяева И.А.	Artonit org_guid: 441DC23B-2222-44D2-A999-4078FF028067 (5 корпус)		pep_guid: 441DC23B-1111-44D2-A999-1963FF028067
[1950/4508] id_pep=1964	НЕТ В PARSEC	консьерж 2024	Artonit org_guid: 441DC23B-2222-44D2-A999-4078FF028067 (5 корпус)		pep_guid: 441DC23B-1111-44D2-A999-1964FF028067
[1951/4508] id_pep=1965	НЕТ В PARSEC	Консьерж 2024	Artonit org_guid: 441DC23B-2222-44D2-A999-4078FF028067 (5 корпус)		pep_guid: 441DC23B-1111-44D2-A999-1965FF028067
[1952/4508] id_pep=1966	НЕТ В PARSEC	Фадеева В.А.	Artonit org_guid: 441DC23B-2222-44D2-A999-4078FF028067 (5 корпус)		pep_guid: 441DC23B-1111-44D2-A999-1966FF028067
[1953/4508] id_pep=1967	НЕТ В PARSEC	Низова Е.Н. Менеджер консьерж	Artonit org_guid: 441DC23B-2222-44D2-A999-4078FF028067 (5 корпус)		pep_guid: 441DC23B-1111-44D2-A999-1967FF028067
[1959/4508] id_pep=1973	НЕТ В PARSEC	Клининг 2024 Уборщица	Artonit org_guid: 441DC23B-2222-44D2-A999-4078FF028067 (5 корпус)		pep_guid: 441DC23B-1111-44D2-A999-1973FF028067
[1960/4508] id_pep=1975	НЕТ В PARSEC	Клининг	Artonit org_guid: 441DC23B-2222-44D2-A999-4078FF028067 (5 корпус)		pep_guid: 441DC23B-1111-44D2-A999-1975FF028067
[1961/4508] id_pep=1976	НЕТ В PARSEC	Клининг 2024	Artonit org_guid: 441DC23B-2222-44D2-A999-4078FF028067 (5 корпус)		pep_guid: 441DC23B-1111-44D2-A999-1976FF028067
[1962/4508] id_pep=1977	НЕТ В PARSEC	Охрана 2024	Artonit org_guid: 441DC23B-2222-44D2-A999-4078FF028067 (5 корпус)		pep_guid: 441DC23B-1111-44D2-A999-1977FF028067
[1965/4508] id_pep=1980	НЕТ В PARSEC	Менеджер по клинингу	Artonit org_guid: 441DC23B-2222-44D2-A999-4078FF028067 (5 корпус)		pep_guid: 441DC23B-1111-44D2-A999-1980FF028067
[1966/4508] id_pep=1981	НЕТ В PARSEC	Бригадир клининга 2024	Artonit org_guid: 441DC23B-2222-44D2-A999-4078FF028067 (5 корпус)		pep_guid: 441DC23B-1111-44D2-A999-1981FF028067
[1968/4508] id_pep=1983	НЕТ В PARSEC	Консъержи 2024 Фарида	Artonit org_guid: 441DC23B-2222-44D2-A999-4078FF028067 (5 корпус)		pep_guid: 441DC23B-1111-44D2-A999-1983FF028067
[1969/4508] id_pep=1984	НЕТ В PARSEC	кв. 108	Artonit org_guid: 441DC23B-2222-44D2-A999-4078FF028067 (5 корпус)		pep_guid: 441DC23B-1111-44D2-A999-1984FF028067
[1970/4508] id_pep=1985	НЕТ В PARSEC	Клининг 2024	Artonit org_guid: 441DC23B-2222-44D2-A999-4078FF028067 (5 корпус)		pep_guid: 441DC23B-1111-44D2-A999-1985FF028067
[1971/4508] id_pep=1986	НЕТ В PARSEC	Клининг 2024 Дворник	Artonit org_guid: 441DC23B-2222-44D2-A999-4078FF028067 (5 корпус)		pep_guid: 441DC23B-1111-44D2-A999-1986FF028067
[1972/4508] id_pep=1987	НЕТ В PARSEC	консьерж	Artonit org_guid: 441DC23B-2222-44D2-A999-4078FF028067 (5 корпус)		pep_guid: 441DC23B-1111-44D2-A999-1987FF028067
[1973/4508] id_pep=1988	НЕТ В PARSEC	Клининг 2024	Artonit org_guid: 441DC23B-2222-44D2-A999-4078FF028067 (5 корпус)		pep_guid: 441DC23B-1111-44D2-A999-1988FF028067
[1974/4508] id_pep=1989	НЕТ В PARSEC	Технадзор	Artonit org_guid: 441DC23B-2222-44D2-A999-4078FF028067 (5 корпус)		pep_guid: 441DC23B-1111-44D2-A999-1989FF028067
[1976/4508] id_pep=1991	НЕТ В PARSEC	Алиса ОРК	Artonit org_guid: 441DC23B-2222-44D2-A999-4078FF028067 (5 корпус)		pep_guid: 441DC23B-1111-44D2-A999-1991FF028067
[1978/4508] id_pep=1993	НЕТ В PARSEC	Клининг 2024	Artonit org_guid: 441DC23B-2222-44D2-A999-4078FF028067 (5 корпус)		pep_guid: 441DC23B-1111-44D2-A999-1993FF028067
[1979/4508] id_pep=1994	НЕТ В PARSEC	Клининг 2024	Artonit org_guid: 441DC23B-2222-44D2-A999-4078FF028067 (5 корпус)		pep_guid: 441DC23B-1111-44D2-A999-1994FF028067
[1980/4508] id_pep=1995	НЕТ В PARSEC	Клининг 2024	Artonit org_guid: 441DC23B-2222-44D2-A999-4078FF028067 (5 корпус)		pep_guid: 441DC23B-1111-44D2-A999-1995FF028067
[1981/4508] id_pep=1996	НЕТ В PARSEC	42	Artonit org_guid: 441DC23B-2222-44D2-A999-4078FF028067 (5 корпус)		pep_guid: 441DC23B-1111-44D2-A999-1996FF028067
[1985/4508] id_pep=2000	НЕТ В PARSEC	89	Artonit org_guid: 441DC23B-2222-44D2-A999-4078FF028067 (5 корпус)		pep_guid: 441DC23B-1111-44D2-A999-2000FF028067
[1986/4508] id_pep=2001	НЕТ В PARSEC	89	Artonit org_guid: 441DC23B-2222-44D2-A999-4078FF028067 (5 корпус)		pep_guid: 441DC23B-1111-44D2-A999-2001FF028067
[1990/4508] id_pep=2005	НЕТ В PARSEC	Фастек	Artonit org_guid: 441DC23B-2222-44D2-A999-4078FF028067 (5 корпус)		pep_guid: 441DC23B-1111-44D2-A999-2005FF028067
[1991/4508] id_pep=2006	НЕТ В PARSEC	26	Artonit org_guid: 441DC23B-2222-44D2-A999-4078FF028067 (5 корпус)		pep_guid: 441DC23B-1111-44D2-A999-2006FF028067
[1992/4508] id_pep=2007	НЕТ В PARSEC	26	Artonit org_guid: 441DC23B-2222-44D2-A999-4078FF028067 (5 корпус)		pep_guid: 441DC23B-1111-44D2-A999-2007FF028067
[1993/4508] id_pep=2008	НЕТ В PARSEC	26	Artonit org_guid: 441DC23B-2222-44D2-A999-4078FF028067 (5 корпус)		pep_guid: 441DC23B-1111-44D2-A999-2008FF028067
[1994/4508] id_pep=2009	НЕТ В PARSEC	101	Artonit org_guid: 441DC23B-2222-44D2-A999-4118FF028067 (101)		pep_guid: 441DC23B-1111-44D2-A999-2009FF028067
[1995/4508] id_pep=2010	НЕТ В PARSEC	101	Artonit org_guid: 441DC23B-2222-44D2-A999-4118FF028067 (101)		pep_guid: 441DC23B-1111-44D2-A999-2010FF028067
[1997/4508] id_pep=2012	НЕТ В PARSEC	ком. дир. кортрос	Artonit org_guid: 441DC23B-2222-44D2-A999-4078FF028067 (5 корпус)		pep_guid: 441DC23B-1111-44D2-A999-2012FF028067
[2001/4508] id_pep=2016	НЕТ В PARSEC	Почтальон 2024	Artonit org_guid: 441DC23B-2222-44D2-A999-4078FF028067 (5 корпус)		pep_guid: 441DC23B-1111-44D2-A999-2016FF028067
[2013/4508] id_pep=2028	НЕТ В PARSEC	52	Artonit org_guid: 441DC23B-2222-44D2-A999-4257FF028067 (052)		pep_guid: 441DC23B-1111-44D2-A999-2028FF028067
[2014/4508] id_pep=2029	НЕТ В PARSEC	Адам Фастек	Artonit org_guid: 441DC23B-2222-44D2-A999-4078FF028067 (5 корпус)		pep_guid: 441DC23B-1111-44D2-A999-2029FF028067
[2020/4508] id_pep=2036	НЕТ В PARSEC	71	Artonit org_guid: 441DC23B-2222-44D2-A999-4078FF028067 (5 корпус)		pep_guid: 441DC23B-1111-44D2-A999-2036FF028067
[2022/4508] id_pep=2038	НЕТ В PARSEC	96	Artonit org_guid: 441DC23B-2222-44D2-A999-4078FF028067 (5 корпус)		pep_guid: 441DC23B-1111-44D2-A999-2038FF028067
[2030/4508] id_pep=2046	НЕТ В PARSEC	52	Artonit org_guid: 441DC23B-2222-44D2-A999-4257FF028067 (052)		pep_guid: 441DC23B-1111-44D2-A999-2046FF028067
[2031/4508] id_pep=2047	НЕТ В PARSEC	52	Artonit org_guid: 441DC23B-2222-44D2-A999-4257FF028067 (052)		pep_guid: 441DC23B-1111-44D2-A999-2047FF028067
[2032/4508] id_pep=2048	НЕТ В PARSEC	53	Artonit org_guid: 441DC23B-2222-44D2-A999-4078FF028067 (5 корпус)		pep_guid: 441DC23B-1111-44D2-A999-2048FF028067
[2038/4508] id_pep=2054	НЕТ В PARSEC	Клининг 2024	Artonit org_guid: 441DC23B-2222-44D2-A999-4310FF028067 (Клининг)		pep_guid: 441DC23B-1111-44D2-A999-2054FF028067
[2040/4508] id_pep=2056	НЕТ В PARSEC	Консьерж	Artonit org_guid: 441DC23B-2222-44D2-A999-4078FF028067 (5 корпус)		pep_guid: 441DC23B-1111-44D2-A999-2056FF028067
[2041/4508] id_pep=2057	НЕТ В PARSEC	46	Artonit org_guid: 441DC23B-2222-44D2-A999-4078FF028067 (5 корпус)		pep_guid: 441DC23B-1111-44D2-A999-2057FF028067
[2045/4508] id_pep=2061	НЕТ В PARSEC	17	Artonit org_guid: 441DC23B-2222-44D2-A999-4221FF028067 (017)		pep_guid: 441DC23B-1111-44D2-A999-2061FF028067
[2046/4508] id_pep=2062	НЕТ В PARSEC	кортрос	Artonit org_guid: 441DC23B-2222-44D2-A999-4078FF028067 (5 корпус)		pep_guid: 441DC23B-1111-44D2-A999-2062FF028067
[2049/4508] id_pep=2065	НЕТ В PARSEC	82	Artonit org_guid: 441DC23B-2222-44D2-A999-4078FF028067 (5 корпус)		pep_guid: 441DC23B-1111-44D2-A999-2065FF028067
[2051/4508] id_pep=2067	НЕТ В PARSEC	Фастек	Artonit org_guid: 441DC23B-2222-44D2-A999-4078FF028067 (5 корпус)		pep_guid: 441DC23B-1111-44D2-A999-2067FF028067
[2055/4508] id_pep=2071	НЕТ В PARSEC	55	Artonit org_guid: 441DC23B-2222-44D2-A999-4078FF028067 (5 корпус)		pep_guid: 441DC23B-1111-44D2-A999-2071FF028067
[2056/4508] id_pep=2072	НЕТ В PARSEC	96	Artonit org_guid: 441DC23B-2222-44D2-A999-4078FF028067 (5 корпус)		pep_guid: 441DC23B-1111-44D2-A999-2072FF028067
[2057/4508] id_pep=2073	НЕТ В PARSEC	96	Artonit org_guid: 441DC23B-2222-44D2-A999-4078FF028067 (5 корпус)		pep_guid: 441DC23B-1111-44D2-A999-2073FF028067
[2061/4508] id_pep=2077	НЕТ В PARSEC	Клининг 2024	Artonit org_guid: 441DC23B-2222-44D2-A999-4078FF028067 (5 корпус)		pep_guid: 441DC23B-1111-44D2-A999-2077FF028067
[2062/4508] id_pep=2078	НЕТ В PARSEC	Клининг 2024	Artonit org_guid: 441DC23B-2222-44D2-A999-4078FF028067 (5 корпус)		pep_guid: 441DC23B-1111-44D2-A999-2078FF028067
[2063/4508] id_pep=2079	НЕТ В PARSEC	Клининг 2024	Artonit org_guid: 441DC23B-2222-44D2-A999-4078FF028067 (5 корпус)		pep_guid: 441DC23B-1111-44D2-A999-2079FF028067
[2064/4508] id_pep=2080	НЕТ В PARSEC	Клининг 2024	Artonit org_guid: 441DC23B-2222-44D2-A999-4078FF028067 (5 корпус)		pep_guid: 441DC23B-1111-44D2-A999-2080FF028067
[2072/4508] id_pep=2088	НЕТ В PARSEC	95	Artonit org_guid: 441DC23B-2222-44D2-A999-4078FF028067 (5 корпус)		pep_guid: 441DC23B-1111-44D2-A999-2088FF028067
[2073/4508] id_pep=2089	НЕТ В PARSEC	95	Artonit org_guid: 441DC23B-2222-44D2-A999-4078FF028067 (5 корпус)		pep_guid: 441DC23B-1111-44D2-A999-2089FF028067
[2081/4508] id_pep=2097	НЕТ В PARSEC	46	Artonit org_guid: 441DC23B-2222-44D2-A999-4078FF028067 (5 корпус)		pep_guid: 441DC23B-1111-44D2-A999-2097FF028067
[2087/4508] id_pep=2103	НЕТ В PARSEC	Никита Добрынин	Artonit org_guid: 441DC23B-2222-44D2-A999-4078FF028067 (5 корпус)		pep_guid: 441DC23B-1111-44D2-A999-2103FF028067
[2088/4508] id_pep=2104	НЕТ В PARSEC	Клининг Дворник 2024	Artonit org_guid: 441DC23B-2222-44D2-A999-4078FF028067 (5 корпус)		pep_guid: 441DC23B-1111-44D2-A999-2104FF028067
[2089/4508] id_pep=2105	НЕТ В PARSEC	Клининг Дворник 2024	Artonit org_guid: 441DC23B-2222-44D2-A999-4078FF028067 (5 корпус)		pep_guid: 441DC23B-1111-44D2-A999-2105FF028067
[2090/4508] id_pep=2106	НЕТ В PARSEC	Клининг Дворник 2024	Artonit org_guid: 441DC23B-2222-44D2-A999-4078FF028067 (5 корпус)		pep_guid: 441DC23B-1111-44D2-A999-2106FF028067
[2091/4508] id_pep=2107	НЕТ В PARSEC	53	Artonit org_guid: 441DC23B-2222-44D2-A999-4078FF028067 (5 корпус)		pep_guid: 441DC23B-1111-44D2-A999-2107FF028067
[2092/4508] id_pep=2108	НЕТ В PARSEC	53	Artonit org_guid: 441DC23B-2222-44D2-A999-4078FF028067 (5 корпус)		pep_guid: 441DC23B-1111-44D2-A999-2108FF028067
[2093/4508] id_pep=2109	НЕТ В PARSEC	76	Artonit org_guid: 441DC23B-2222-44D2-A999-4078FF028067 (5 корпус)		pep_guid: 441DC23B-1111-44D2-A999-2109FF028067
[2095/4508] id_pep=2111	НЕТ В PARSEC	104	Artonit org_guid: 441DC23B-2222-44D2-A999-4120FF028067 (104)		pep_guid: 441DC23B-1111-44D2-A999-2111FF028067
[2097/4508] id_pep=2113	НЕТ В PARSEC	Зюганов Д.	Artonit org_guid: 441DC23B-2222-44D2-A999-4078FF028067 (5 корпус)		pep_guid: 441DC23B-1111-44D2-A999-2113FF028067
[2100/4508] id_pep=2116	НЕТ В PARSEC	111	Artonit org_guid: 441DC23B-2222-44D2-A999-4131FF028067 (111)		pep_guid: 441DC23B-1111-44D2-A999-2116FF028067
[2107/4508] id_pep=2123	НЕТ В PARSEC	Сантехник 2024	Artonit org_guid: 441DC23B-2222-44D2-A999-4078FF028067 (5 корпус)		pep_guid: 441DC23B-1111-44D2-A999-2123FF028067
[2108/4508] id_pep=2124	НЕТ В PARSEC	116	Artonit org_guid: 441DC23B-2222-44D2-A999-4136FF028067 (116)		pep_guid: 441DC23B-1111-44D2-A999-2124FF028067
[2110/4508] id_pep=2126	НЕТ В PARSEC	50	Artonit org_guid: 441DC23B-2222-44D2-A999-4078FF028067 (5 корпус)		pep_guid: 441DC23B-1111-44D2-A999-2126FF028067
[2114/4508] id_pep=2130	НЕТ В PARSEC	53	Artonit org_guid: 441DC23B-2222-44D2-A999-4078FF028067 (5 корпус)		pep_guid: 441DC23B-1111-44D2-A999-2130FF028067
[2116/4508] id_pep=2132	НЕТ В PARSEC	88	Artonit org_guid: 441DC23B-2222-44D2-A999-4078FF028067 (5 корпус)		pep_guid: 441DC23B-1111-44D2-A999-2132FF028067
[2130/4508] id_pep=2146	НЕТ В PARSEC	Кладовка 28	Artonit org_guid: 441DC23B-2222-44D2-A999-4078FF028067 (5 корпус)		pep_guid: 441DC23B-1111-44D2-A999-2146FF028067
[2134/4508] id_pep=2150	НЕТ В PARSEC	Клининг 2025	Artonit org_guid: 441DC23B-2222-44D2-A999-4078FF028067 (5 корпус)		pep_guid: 441DC23B-1111-44D2-A999-2150FF028067
[2137/4508] id_pep=2153	НЕТ В PARSEC	114	Artonit org_guid: 441DC23B-2222-44D2-A999-4134FF028067 (114)		pep_guid: 441DC23B-1111-44D2-A999-2153FF028067
[2138/4508] id_pep=2154	НЕТ В PARSEC	114	Artonit org_guid: 441DC23B-2222-44D2-A999-4134FF028067 (114)		pep_guid: 441DC23B-1111-44D2-A999-2154FF028067
[2144/4508] id_pep=2160	НЕТ В PARSEC	37	Artonit org_guid: 441DC23B-2222-44D2-A999-4078FF028067 (5 корпус)		pep_guid: 441DC23B-1111-44D2-A999-2160FF028067
[2145/4508] id_pep=2161	НЕТ В PARSEC	технадзор 2025	Artonit org_guid: 441DC23B-2222-44D2-A999-4078FF028067 (5 корпус)		pep_guid: 441DC23B-1111-44D2-A999-2161FF028067
[2146/4508] id_pep=2162	НЕТ В PARSEC	64	Artonit org_guid: 441DC23B-2222-44D2-A999-4078FF028067 (5 корпус)		pep_guid: 441DC23B-1111-44D2-A999-2162FF028067
[2147/4508] id_pep=2163	НЕТ В PARSEC	64	Artonit org_guid: 441DC23B-2222-44D2-A999-4078FF028067 (5 корпус)		pep_guid: 441DC23B-1111-44D2-A999-2163FF028067
[2148/4508] id_pep=2164	НЕТ В PARSEC	92	Artonit org_guid: 441DC23B-2222-44D2-A999-4078FF028067 (5 корпус)		pep_guid: 441DC23B-1111-44D2-A999-2164FF028067
[2150/4508] id_pep=2166	НЕТ В PARSEC	Охрана	Artonit org_guid: 441DC23B-2222-44D2-A999-4078FF028067 (5 корпус)		pep_guid: 441DC23B-1111-44D2-A999-2166FF028067
[2151/4508] id_pep=2167	НЕТ В PARSEC	Охрана	Artonit org_guid: 441DC23B-2222-44D2-A999-4078FF028067 (5 корпус)		pep_guid: 441DC23B-1111-44D2-A999-2167FF028067
[2153/4508] id_pep=2169	НЕТ В PARSEC	Охрана	Artonit org_guid: 441DC23B-2222-44D2-A999-4078FF028067 (5 корпус)		pep_guid: 441DC23B-1111-44D2-A999-2169FF028067
[2166/4508] id_pep=2182	НЕТ В PARSEC	Кортрос 1	Artonit org_guid: 441DC23B-2222-44D2-A999-4078FF028067 (5 корпус)		pep_guid: 441DC23B-1111-44D2-A999-2182FF028067
[2167/4508] id_pep=2183	НЕТ В PARSEC	Кортрос 2	Artonit org_guid: 441DC23B-2222-44D2-A999-4078FF028067 (5 корпус)		pep_guid: 441DC23B-1111-44D2-A999-2183FF028067
[2179/4508] id_pep=2195	НЕТ В PARSEC	Для Подрядчиков	Artonit org_guid: 441DC23B-2222-44D2-A999-4078FF028067 (5 корпус)		pep_guid: 441DC23B-1111-44D2-A999-2195FF028067
[2180/4508] id_pep=2196	НЕТ В PARSEC	Для Подрядчиков	Artonit org_guid: 441DC23B-2222-44D2-A999-4078FF028067 (5 корпус)		pep_guid: 441DC23B-1111-44D2-A999-2196FF028067
[2181/4508] id_pep=2197	НЕТ В PARSEC	Лифтовик	Artonit org_guid: 441DC23B-2222-44D2-A999-4078FF028067 (5 корпус)		pep_guid: 441DC23B-1111-44D2-A999-2197FF028067
[2194/4508] id_pep=2210	НЕТ В PARSEC	Клининг 2025	Artonit org_guid: 441DC23B-2222-44D2-A999-4078FF028067 (5 корпус)		pep_guid: 441DC23B-1111-44D2-A999-2210FF028067
[2197/4508] id_pep=2213	НЕТ В PARSEC	23	Artonit org_guid: 441DC23B-2222-44D2-A999-4078FF028067 (5 корпус)		pep_guid: 441DC23B-1111-44D2-A999-2213FF028067
[2202/4508] id_pep=2218	НЕТ В PARSEC	Заселение 2025	Artonit org_guid: 441DC23B-2222-44D2-A999-4078FF028067 (5 корпус)		pep_guid: 441DC23B-1111-44D2-A999-2218FF028067
[2203/4508] id_pep=2219	НЕТ В PARSEC	23	Artonit org_guid: 441DC23B-2222-44D2-A999-4078FF028067 (5 корпус)		pep_guid: 441DC23B-1111-44D2-A999-2219FF028067
[2204/4508] id_pep=2220	НЕТ В PARSEC	23	Artonit org_guid: 441DC23B-2222-44D2-A999-4078FF028067 (5 корпус)		pep_guid: 441DC23B-1111-44D2-A999-2220FF028067
[2205/4508] id_pep=2221	НЕТ В PARSEC	67	Artonit org_guid: 441DC23B-2222-44D2-A999-4078FF028067 (5 корпус)		pep_guid: 441DC23B-1111-44D2-A999-2221FF028067
[2206/4508] id_pep=2222	НЕТ В PARSEC	Панзадахан	Artonit org_guid: 441DC23B-2222-44D2-A999-4078FF028067 (5 корпус)		pep_guid: 441DC23B-1111-44D2-A999-2222FF028067
[2207/4508] id_pep=2223	НЕТ В PARSEC	Тамабаева	Artonit org_guid: 441DC23B-2222-44D2-A999-4078FF028067 (5 корпус)		pep_guid: 441DC23B-1111-44D2-A999-2223FF028067
[2211/4508] id_pep=2227	НЕТ В PARSEC	Евстраева С.	Artonit org_guid: 441DC23B-2222-44D2-A999-4078FF028067 (5 корпус)		pep_guid: 441DC23B-1111-44D2-A999-2227FF028067
[2220/4508] id_pep=2236	НЕТ В PARSEC	Заселение	Artonit org_guid: 441DC23B-2222-44D2-A999-4078FF028067 (5 корпус)		pep_guid: 441DC23B-1111-44D2-A999-2236FF028067
[2221/4508] id_pep=2237	НЕТ В PARSEC	Завьялов А.	Artonit org_guid: 441DC23B-2222-44D2-A999-4078FF028067 (5 корпус)		pep_guid: 441DC23B-1111-44D2-A999-2237FF028067
[2223/4508] id_pep=2239	НЕТ В PARSEC	Инженер УК	Artonit org_guid: 441DC23B-2222-44D2-A999-4078FF028067 (5 корпус)		pep_guid: 441DC23B-1111-44D2-A999-2239FF028067
[2224/4508] id_pep=2240	НЕТ В PARSEC	117	Artonit org_guid: 441DC23B-2222-44D2-A999-4137FF028067 (117)		pep_guid: 441DC23B-1111-44D2-A999-2240FF028067
[2225/4508] id_pep=2241	НЕТ В PARSEC	67	Artonit org_guid: 441DC23B-2222-44D2-A999-4078FF028067 (5 корпус)		pep_guid: 441DC23B-1111-44D2-A999-2241FF028067
[2226/4508] id_pep=2242	НЕТ В PARSEC	67	Artonit org_guid: 441DC23B-2222-44D2-A999-4078FF028067 (5 корпус)		pep_guid: 441DC23B-1111-44D2-A999-2242FF028067
[2227/4508] id_pep=2243	НЕТ В PARSEC	67	Artonit org_guid: 441DC23B-2222-44D2-A999-4078FF028067 (5 корпус)		pep_guid: 441DC23B-1111-44D2-A999-2243FF028067
[2228/4508] id_pep=2244	НЕТ В PARSEC	75	Artonit org_guid: 441DC23B-2222-44D2-A999-4078FF028067 (5 корпус)		pep_guid: 441DC23B-1111-44D2-A999-2244FF028067
[2229/4508] id_pep=2245	НЕТ В PARSEC	Технадзор	Artonit org_guid: 441DC23B-2222-44D2-A999-4078FF028067 (5 корпус)		pep_guid: 441DC23B-1111-44D2-A999-2245FF028067
[2230/4508] id_pep=2246	НЕТ В PARSEC	Клининг 2025	Artonit org_guid: 441DC23B-2222-44D2-A999-4078FF028067 (5 корпус)		pep_guid: 441DC23B-1111-44D2-A999-2246FF028067
[2236/4508] id_pep=2252	НЕТ В PARSEC	СВТ	Artonit org_guid: 441DC23B-2222-44D2-A999-4078FF028067 (5 корпус)		pep_guid: 441DC23B-1111-44D2-A999-2252FF028067
[2237/4508] id_pep=2253	НЕТ В PARSEC	СВТ1	Artonit org_guid: 441DC23B-2222-44D2-A999-4078FF028067 (5 корпус)		pep_guid: 441DC23B-1111-44D2-A999-2253FF028067
[2238/4508] id_pep=2254	НЕТ В PARSEC	СВТ2	Artonit org_guid: 441DC23B-2222-44D2-A999-4078FF028067 (5 корпус)		pep_guid: 441DC23B-1111-44D2-A999-2254FF028067
[2239/4508] id_pep=2255	НЕТ В PARSEC	СВТ3	Artonit org_guid: 441DC23B-2222-44D2-A999-4078FF028067 (5 корпус)		pep_guid: 441DC23B-1111-44D2-A999-2255FF028067
[2240/4508] id_pep=2256	НЕТ В PARSEC	72	Artonit org_guid: 441DC23B-2222-44D2-A999-4078FF028067 (5 корпус)		pep_guid: 441DC23B-1111-44D2-A999-2256FF028067
[2241/4508] id_pep=2257	НЕТ В PARSEC	Дворник 2025	Artonit org_guid: 441DC23B-2222-44D2-A999-4078FF028067 (5 корпус)		pep_guid: 441DC23B-1111-44D2-A999-2257FF028067
[2242/4508] id_pep=2258	НЕТ В PARSEC	Дворник 2025	Artonit org_guid: 441DC23B-2222-44D2-A999-4078FF028067 (5 корпус)		pep_guid: 441DC23B-1111-44D2-A999-2258FF028067
[2245/4508] id_pep=2261	НЕТ В PARSEC	Клининг 2025	Artonit org_guid: 441DC23B-2222-44D2-A999-4078FF028067 (5 корпус)		pep_guid: 441DC23B-1111-44D2-A999-2261FF028067
[2248/4508] id_pep=2264	НЕТ В PARSEC	Цыкин Д.	Artonit org_guid: 441DC23B-2222-44D2-A999-4078FF028067 (5 корпус)		pep_guid: 441DC23B-1111-44D2-A999-2264FF028067
[2249/4508] id_pep=2265	НЕТ В PARSEC	Цыкин Д.	Artonit org_guid: 441DC23B-2222-44D2-A999-5591FF028067 (Сотрудники УК)		pep_guid: 441DC23B-1111-44D2-A999-2265FF028067
[2252/4508] id_pep=2268	НЕТ В PARSEC	фастек	Artonit org_guid: 441DC23B-2222-44D2-A999-4078FF028067 (5 корпус)		pep_guid: 441DC23B-1111-44D2-A999-2268FF028067
[2253/4508] id_pep=2269	НЕТ В PARSEC	фастек	Artonit org_guid: 441DC23B-2222-44D2-A999-4078FF028067 (5 корпус)		pep_guid: 441DC23B-1111-44D2-A999-2269FF028067
[2254/4508] id_pep=2270	НЕТ В PARSEC	консьерж	Artonit org_guid: 441DC23B-2222-44D2-A999-4078FF028067 (5 корпус)		pep_guid: 441DC23B-1111-44D2-A999-2270FF028067
[2257/4508] id_pep=2273	НЕТ В PARSEC	Меркулов С.И.	Artonit org_guid: 441DC23B-2222-44D2-A999-4078FF028067 (5 корпус)		pep_guid: 441DC23B-1111-44D2-A999-2273FF028067
[2261/4508] id_pep=2277	НЕТ В PARSEC	17	Artonit org_guid: 441DC23B-2222-44D2-A999-4221FF028067 (017)		pep_guid: 441DC23B-1111-44D2-A999-2277FF028067
[2268/4508] id_pep=2286	НЕТ В PARSEC	Заселение	Artonit org_guid: 441DC23B-2222-44D2-A999-4078FF028067 (5 корпус)		pep_guid: 441DC23B-1111-44D2-A999-2286FF028067
[2269/4508] id_pep=2287	НЕТ В PARSEC	ГринЛифт	Artonit org_guid: 441DC23B-2222-44D2-A999-4078FF028067 (5 корпус)		pep_guid: 441DC23B-1111-44D2-A999-2287FF028067
[2270/4508] id_pep=2288	НЕТ В PARSEC	Альпинисты	Artonit org_guid: 441DC23B-2222-44D2-A999-4078FF028067 (5 корпус)		pep_guid: 441DC23B-1111-44D2-A999-2288FF028067
[2271/4508] id_pep=2289	НЕТ В PARSEC	Альпинисты	Artonit org_guid: 441DC23B-2222-44D2-A999-4078FF028067 (5 корпус)		pep_guid: 441DC23B-1111-44D2-A999-2289FF028067
[2272/4508] id_pep=2290	НЕТ В PARSEC	Г111К0130	Artonit org_guid: 441DC23B-2222-44D2-A999-4078FF028067 (5 корпус)		pep_guid: 441DC23B-1111-44D2-A999-2290FF028067
[2273/4508] id_pep=2291	НЕТ В PARSEC	78	Artonit org_guid: 441DC23B-2222-44D2-A999-4078FF028067 (5 корпус)		pep_guid: 441DC23B-1111-44D2-A999-2291FF028067
[2275/4508] id_pep=2293	НЕТ В PARSEC	Клининг 2025	Artonit org_guid: 441DC23B-2222-44D2-A999-4078FF028067 (5 корпус)		pep_guid: 441DC23B-1111-44D2-A999-2293FF028067
[2279/4508] id_pep=2297	НЕТ В PARSEC	клининг 24	Artonit org_guid: 441DC23B-2222-44D2-A999-4078FF028067 (5 корпус)		pep_guid: 441DC23B-1111-44D2-A999-2297FF028067
[2283/4508] id_pep=2301	НЕТ В PARSEC	73	Artonit org_guid: 441DC23B-2222-44D2-A999-4078FF028067 (5 корпус)		pep_guid: 441DC23B-1111-44D2-A999-2301FF028067
[2284/4508] id_pep=2302	НЕТ В PARSEC	60	Artonit org_guid: 441DC23B-2222-44D2-A999-4078FF028067 (5 корпус)		pep_guid: 441DC23B-1111-44D2-A999-2302FF028067
[2285/4508] id_pep=2304	НЕТ В PARSEC	Клининг 2025	Artonit org_guid: 441DC23B-2222-44D2-A999-4078FF028067 (5 корпус)		pep_guid: 441DC23B-1111-44D2-A999-2304FF028067
[2287/4508] id_pep=2307	НЕТ В PARSEC	Подрядчик двери	Artonit org_guid: 441DC23B-2222-44D2-A999-4078FF028067 (5 корпус)		pep_guid: 441DC23B-1111-44D2-A999-2307FF028067
[2289/4508] id_pep=2309	НЕТ В PARSEC	31	Artonit org_guid: 441DC23B-2222-44D2-A999-4078FF028067 (5 корпус)		pep_guid: 441DC23B-1111-44D2-A999-2309FF028067
[2302/4508] id_pep=2322	НЕТ В PARSEC	73	Artonit org_guid: 441DC23B-2222-44D2-A999-4078FF028067 (5 корпус)		pep_guid: 441DC23B-1111-44D2-A999-2322FF028067
[2304/4508] id_pep=2324	НЕТ В PARSEC	Клининг 2025	Artonit org_guid: 441DC23B-2222-44D2-A999-4078FF028067 (5 корпус)		pep_guid: 441DC23B-1111-44D2-A999-2324FF028067
[2314/4508] id_pep=2334	НЕТ В PARSEC	74	Artonit org_guid: 441DC23B-2222-44D2-A999-4078FF028067 (5 корпус)		pep_guid: 441DC23B-1111-44D2-A999-2334FF028067
[2315/4508] id_pep=2335	НЕТ В PARSEC	108	Artonit org_guid: 441DC23B-2222-44D2-A999-4126FF028067 (108)		pep_guid: 441DC23B-1111-44D2-A999-2335FF028067
[2316/4508] id_pep=2336	НЕТ В PARSEC	8	Artonit org_guid: 441DC23B-2222-44D2-A999-4078FF028067 (5 корпус)		pep_guid: 441DC23B-1111-44D2-A999-2336FF028067
[2324/4508] id_pep=2344	НЕТ В PARSEC	Почтальон	Artonit org_guid: 441DC23B-2222-44D2-A999-4078FF028067 (5 корпус)		pep_guid: 441DC23B-1111-44D2-A999-2344FF028067
[2325/4508] id_pep=2345	НЕТ В PARSEC	Клининг 2025	Artonit org_guid: 441DC23B-2222-44D2-A999-4078FF028067 (5 корпус)		pep_guid: 441DC23B-1111-44D2-A999-2345FF028067
[2333/4508] id_pep=2353	НЕТ В PARSEC	79	Artonit org_guid: 441DC23B-2222-44D2-A999-4078FF028067 (5 корпус)		pep_guid: 441DC23B-1111-44D2-A999-2353FF028067
[2334/4508] id_pep=2354	НЕТ В PARSEC	Консьерж 2025	Artonit org_guid: 441DC23B-2222-44D2-A999-4078FF028067 (5 корпус)		pep_guid: 441DC23B-1111-44D2-A999-2354FF028067
[2335/4508] id_pep=2355	НЕТ В PARSEC	81	Artonit org_guid: 441DC23B-2222-44D2-A999-4078FF028067 (5 корпус)		pep_guid: 441DC23B-1111-44D2-A999-2355FF028067
[2336/4508] id_pep=2356	НЕТ В PARSEC	Администратор	Artonit org_guid: 441DC23B-2222-44D2-A999-4078FF028067 (5 корпус)		pep_guid: 441DC23B-1111-44D2-A999-2356FF028067
[2339/4508] id_pep=2359	НЕТ В PARSEC	Адам Фастек	Artonit org_guid: 441DC23B-2222-44D2-A999-4078FF028067 (5 корпус)		pep_guid: 441DC23B-1111-44D2-A999-2359FF028067
[2340/4508] id_pep=2360	НЕТ В PARSEC	92	Artonit org_guid: 441DC23B-2222-44D2-A999-4078FF028067 (5 корпус)		pep_guid: 441DC23B-1111-44D2-A999-2360FF028067
[2341/4508] id_pep=2361	НЕТ В PARSEC	34	Artonit org_guid: 441DC23B-2222-44D2-A999-4078FF028067 (5 корпус)		pep_guid: 441DC23B-1111-44D2-A999-2361FF028067
[2342/4508] id_pep=2362	НЕТ В PARSEC	34	Artonit org_guid: 441DC23B-2222-44D2-A999-4078FF028067 (5 корпус)		pep_guid: 441DC23B-1111-44D2-A999-2362FF028067
[2343/4508] id_pep=2363	НЕТ В PARSEC	93	Artonit org_guid: 441DC23B-2222-44D2-A999-4078FF028067 (5 корпус)		pep_guid: 441DC23B-1111-44D2-A999-2363FF028067
[2346/4508] id_pep=2366	НЕТ В PARSEC	68	Artonit org_guid: 441DC23B-2222-44D2-A999-4078FF028067 (5 корпус)		pep_guid: 441DC23B-1111-44D2-A999-2366FF028067
[2348/4508] id_pep=2368	НЕТ В PARSEC	86	Artonit org_guid: 441DC23B-2222-44D2-A999-4078FF028067 (5 корпус)		pep_guid: 441DC23B-1111-44D2-A999-2368FF028067
[2349/4508] id_pep=2369	НЕТ В PARSEC	Подрядчики по лестницам в конализации	Artonit org_guid: 441DC23B-2222-44D2-A999-4078FF028067 (5 корпус)		pep_guid: 441DC23B-1111-44D2-A999-2369FF028067
[2350/4508] id_pep=2372	НЕТ В PARSEC	86	Artonit org_guid: 441DC23B-2222-44D2-A999-4078FF028067 (5 корпус)		pep_guid: 441DC23B-1111-44D2-A999-2372FF028067
[2351/4508] id_pep=2373	НЕТ В PARSEC	86	Artonit org_guid: 441DC23B-2222-44D2-A999-4078FF028067 (5 корпус)		pep_guid: 441DC23B-1111-44D2-A999-2373FF028067
[2352/4508] id_pep=2374	НЕТ В PARSEC	65	Artonit org_guid: 441DC23B-2222-44D2-A999-4078FF028067 (5 корпус)		pep_guid: 441DC23B-1111-44D2-A999-2374FF028067
[2353/4508] id_pep=2375	НЕТ В PARSEC	70	Artonit org_guid: 441DC23B-2222-44D2-A999-4078FF028067 (5 корпус)		pep_guid: 441DC23B-1111-44D2-A999-2375FF028067
[2355/4508] id_pep=2377	НЕТ В PARSEC	Иван	Artonit org_guid: 441DC23B-2222-44D2-A999-4078FF028067 (5 корпус)		pep_guid: 441DC23B-1111-44D2-A999-2377FF028067
[2356/4508] id_pep=2378	НЕТ В PARSEC	Спицина Н.	Artonit org_guid: 441DC23B-2222-44D2-A999-4078FF028067 (5 корпус)		pep_guid: 441DC23B-1111-44D2-A999-2378FF028067
[2359/4508] id_pep=2381	НЕТ В PARSEC	70	Artonit org_guid: 441DC23B-2222-44D2-A999-4078FF028067 (5 корпус)		pep_guid: 441DC23B-1111-44D2-A999-2381FF028067
[2362/4508] id_pep=2384	НЕТ В PARSEC	98	Artonit org_guid: 441DC23B-2222-44D2-A999-4302FF028067 (098)		pep_guid: 441DC23B-1111-44D2-A999-2384FF028067
[2366/4508] id_pep=2388	НЕТ В PARSEC	107	Artonit org_guid: 441DC23B-2222-44D2-A999-4123FF028067 (107)		pep_guid: 441DC23B-1111-44D2-A999-2388FF028067
[2368/4508] id_pep=2390	НЕТ В PARSEC	98	Artonit org_guid: 441DC23B-2222-44D2-A999-4302FF028067 (098)		pep_guid: 441DC23B-1111-44D2-A999-2390FF028067
[2370/4508] id_pep=2392	НЕТ В PARSEC	58	Artonit org_guid: 441DC23B-2222-44D2-A999-4078FF028067 (5 корпус)		pep_guid: 441DC23B-1111-44D2-A999-2392FF028067
[2371/4508] id_pep=2393	НЕТ В PARSEC	58	Artonit org_guid: 441DC23B-2222-44D2-A999-4078FF028067 (5 корпус)		pep_guid: 441DC23B-1111-44D2-A999-2393FF028067
[2372/4508] id_pep=2394	НЕТ В PARSEC	Журавлев А.	Artonit org_guid: 441DC23B-2222-44D2-A999-4078FF028067 (5 корпус)		pep_guid: 441DC23B-1111-44D2-A999-2394FF028067
[2376/4508] id_pep=2398	НЕТ В PARSEC	Консультант по ПБ.	Artonit org_guid: 441DC23B-2222-44D2-A999-4078FF028067 (5 корпус)		pep_guid: 441DC23B-1111-44D2-A999-2398FF028067
[2380/4508] id_pep=2402	НЕТ В PARSEC	99	Artonit org_guid: 441DC23B-2222-44D2-A999-4078FF028067 (5 корпус)		pep_guid: 441DC23B-1111-44D2-A999-2402FF028067
[2381/4508] id_pep=2403	НЕТ В PARSEC	57	Artonit org_guid: 441DC23B-2222-44D2-A999-4078FF028067 (5 корпус)		pep_guid: 441DC23B-1111-44D2-A999-2403FF028067
[2382/4508] id_pep=2404	НЕТ В PARSEC	ОСЗ	Artonit org_guid: 441DC23B-2222-44D2-A999-4078FF028067 (5 корпус)		pep_guid: 441DC23B-1111-44D2-A999-2404FF028067
[2385/4508] id_pep=2407	НЕТ В PARSEC	113	Artonit org_guid: 441DC23B-2222-44D2-A999-4133FF028067 (113)		pep_guid: 441DC23B-1111-44D2-A999-2407FF028067
[2386/4508] id_pep=2408	НЕТ В PARSEC	57	Artonit org_guid: 441DC23B-2222-44D2-A999-4078FF028067 (5 корпус)		pep_guid: 441DC23B-1111-44D2-A999-2408FF028067
[2387/4508] id_pep=2409	НЕТ В PARSEC	57	Artonit org_guid: 441DC23B-2222-44D2-A999-4078FF028067 (5 корпус)		pep_guid: 441DC23B-1111-44D2-A999-2409FF028067
[2388/4508] id_pep=2410	НЕТ В PARSEC	57	Artonit org_guid: 441DC23B-2222-44D2-A999-4078FF028067 (5 корпус)		pep_guid: 441DC23B-1111-44D2-A999-2410FF028067
[2393/4508] id_pep=2415	НЕТ В PARSEC	105	Artonit org_guid: 441DC23B-2222-44D2-A999-4121FF028067 (105)		pep_guid: 441DC23B-1111-44D2-A999-2415FF028067
[2394/4508] id_pep=2416	НЕТ В PARSEC	105	Artonit org_guid: 441DC23B-2222-44D2-A999-4121FF028067 (105)		pep_guid: 441DC23B-1111-44D2-A999-2416FF028067
[2395/4508] id_pep=2417	НЕТ В PARSEC	105	Artonit org_guid: 441DC23B-2222-44D2-A999-4121FF028067 (105)		pep_guid: 441DC23B-1111-44D2-A999-2417FF028067
[2396/4508] id_pep=2418	НЕТ В PARSEC	105	Artonit org_guid: 441DC23B-2222-44D2-A999-4121FF028067 (105)		pep_guid: 441DC23B-1111-44D2-A999-2418FF028067
[2397/4508] id_pep=2419	НЕТ В PARSEC	106	Artonit org_guid: 441DC23B-2222-44D2-A999-4122FF028067 (106)		pep_guid: 441DC23B-1111-44D2-A999-2419FF028067
[2403/4508] id_pep=2425	НЕТ В PARSEC	120	Artonit org_guid: 441DC23B-2222-44D2-A999-4140FF028067 (120)		pep_guid: 441DC23B-1111-44D2-A999-2425FF028067
[2405/4508] id_pep=2427	НЕТ В PARSEC	53	Artonit org_guid: 441DC23B-2222-44D2-A999-4078FF028067 (5 корпус)		pep_guid: 441DC23B-1111-44D2-A999-2427FF028067
[2407/4508] id_pep=2429	НЕТ В PARSEC	100	Artonit org_guid: 441DC23B-2222-44D2-A999-4116FF028067 (100)		pep_guid: 441DC23B-1111-44D2-A999-2429FF028067
[2413/4508] id_pep=2435	НЕТ В PARSEC	118	Artonit org_guid: 441DC23B-2222-44D2-A999-4138FF028067 (118)		pep_guid: 441DC23B-1111-44D2-A999-2435FF028067
[2414/4508] id_pep=2436	НЕТ В PARSEC	Аварийка СС	Artonit org_guid: 441DC23B-2222-44D2-A999-4078FF028067 (5 корпус)		pep_guid: 441DC23B-1111-44D2-A999-2436FF028067
[2415/4508] id_pep=2437	НЕТ В PARSEC	Аварийка СС	Artonit org_guid: 441DC23B-2222-44D2-A999-4078FF028067 (5 корпус)		pep_guid: 441DC23B-1111-44D2-A999-2437FF028067
[2417/4508] id_pep=2439	НЕТ В PARSEC	101	Artonit org_guid: 441DC23B-2222-44D2-A999-4118FF028067 (101)		pep_guid: 441DC23B-1111-44D2-A999-2439FF028067
[2418/4508] id_pep=2440	НЕТ В PARSEC	101	Artonit org_guid: 441DC23B-2222-44D2-A999-4118FF028067 (101)		pep_guid: 441DC23B-1111-44D2-A999-2440FF028067
[2423/4508] id_pep=2445	НЕТ В PARSEC	104	Artonit org_guid: 441DC23B-2222-44D2-A999-4120FF028067 (104)		pep_guid: 441DC23B-1111-44D2-A999-2445FF028067
[2424/4508] id_pep=2446	НЕТ В PARSEC	104	Artonit org_guid: 441DC23B-2222-44D2-A999-4120FF028067 (104)		pep_guid: 441DC23B-1111-44D2-A999-2446FF028067
[2426/4508] id_pep=2448	НЕТ В PARSEC	119	Artonit org_guid: 441DC23B-2222-44D2-A999-4139FF028067 (119)		pep_guid: 441DC23B-1111-44D2-A999-2448FF028067
[2429/4508] id_pep=2451	НЕТ В PARSEC	119	Artonit org_guid: 441DC23B-2222-44D2-A999-4139FF028067 (119)		pep_guid: 441DC23B-1111-44D2-A999-2451FF028067
[2443/4508] id_pep=2465	НЕТ В PARSEC	4	Artonit org_guid: 441DC23B-2222-44D2-A999-4078FF028067 (5 корпус)		pep_guid: 441DC23B-1111-44D2-A999-2465FF028067
[2444/4508] id_pep=2466	НЕТ В PARSEC	4	Artonit org_guid: 441DC23B-2222-44D2-A999-4078FF028067 (5 корпус)		pep_guid: 441DC23B-1111-44D2-A999-2466FF028067
[2449/4508] id_pep=2471	НЕТ В PARSEC	38	Artonit org_guid: 441DC23B-2222-44D2-A999-4078FF028067 (5 корпус)		pep_guid: 441DC23B-1111-44D2-A999-2471FF028067
[2450/4508] id_pep=2472	НЕТ В PARSEC	38	Artonit org_guid: 441DC23B-2222-44D2-A999-4078FF028067 (5 корпус)		pep_guid: 441DC23B-1111-44D2-A999-2472FF028067
[2451/4508] id_pep=2473	НЕТ В PARSEC	38	Artonit org_guid: 441DC23B-2222-44D2-A999-4078FF028067 (5 корпус)		pep_guid: 441DC23B-1111-44D2-A999-2473FF028067
[2453/4508] id_pep=2475	НЕТ В PARSEC	8977234	Artonit org_guid: 441DC23B-2222-44D2-A999-4078FF028067 (5 корпус)		pep_guid: 441DC23B-1111-44D2-A999-2475FF028067
[2459/4508] id_pep=2481	НЕТ В PARSEC	112	Artonit org_guid: 441DC23B-2222-44D2-A999-4132FF028067 (112)		pep_guid: 441DC23B-1111-44D2-A999-2481FF028067
[2460/4508] id_pep=2482	НЕТ В PARSEC	87	Artonit org_guid: 441DC23B-2222-44D2-A999-4078FF028067 (5 корпус)		pep_guid: 441DC23B-1111-44D2-A999-2482FF028067
[2461/4508] id_pep=2483	НЕТ В PARSEC	87	Artonit org_guid: 441DC23B-2222-44D2-A999-4078FF028067 (5 корпус)		pep_guid: 441DC23B-1111-44D2-A999-2483FF028067
[2462/4508] id_pep=2484	НЕТ В PARSEC	60	Artonit org_guid: 441DC23B-2222-44D2-A999-4078FF028067 (5 корпус)		pep_guid: 441DC23B-1111-44D2-A999-2484FF028067
[2480/4508] id_pep=2502	НЕТ В PARSEC	Консьерж к5	Artonit org_guid: 441DC23B-2222-44D2-A999-4078FF028067 (5 корпус)		pep_guid: 441DC23B-1111-44D2-A999-2502FF028067
[2489/4508] id_pep=2511	НЕТ В PARSEC	90	Artonit org_guid: 441DC23B-2222-44D2-A999-4078FF028067 (5 корпус)		pep_guid: 441DC23B-1111-44D2-A999-2511FF028067
[2490/4508] id_pep=2512	НЕТ В PARSEC	90	Artonit org_guid: 441DC23B-2222-44D2-A999-4078FF028067 (5 корпус)		pep_guid: 441DC23B-1111-44D2-A999-2512FF028067
[2493/4508] id_pep=2515	НЕТ В PARSEC	86	Artonit org_guid: 441DC23B-2222-44D2-A999-4078FF028067 (5 корпус)		pep_guid: 441DC23B-1111-44D2-A999-2515FF028067
[2494/4508] id_pep=2516	НЕТ В PARSEC	86	Artonit org_guid: 441DC23B-2222-44D2-A999-4078FF028067 (5 корпус)		pep_guid: 441DC23B-1111-44D2-A999-2516FF028067
[2504/4508] id_pep=2526	НЕТ В PARSEC	99	Artonit org_guid: 441DC23B-2222-44D2-A999-4078FF028067 (5 корпус)		pep_guid: 441DC23B-1111-44D2-A999-2526FF028067
[2505/4508] id_pep=2527	НЕТ В PARSEC	99	Artonit org_guid: 441DC23B-2222-44D2-A999-4078FF028067 (5 корпус)		pep_guid: 441DC23B-1111-44D2-A999-2527FF028067
[2511/4508] id_pep=2533	НЕТ В PARSEC	51	Artonit org_guid: 441DC23B-2222-44D2-A999-4078FF028067 (5 корпус)		pep_guid: 441DC23B-1111-44D2-A999-2533FF028067
[2512/4508] id_pep=2534	НЕТ В PARSEC	82	Artonit org_guid: 441DC23B-2222-44D2-A999-4078FF028067 (5 корпус)		pep_guid: 441DC23B-1111-44D2-A999-2534FF028067
[2513/4508] id_pep=2535	НЕТ В PARSEC	82	Artonit org_guid: 441DC23B-2222-44D2-A999-4078FF028067 (5 корпус)		pep_guid: 441DC23B-1111-44D2-A999-2535FF028067
[2514/4508] id_pep=2536	НЕТ В PARSEC	51	Artonit org_guid: 441DC23B-2222-44D2-A999-4078FF028067 (5 корпус)		pep_guid: 441DC23B-1111-44D2-A999-2536FF028067
[2515/4508] id_pep=2537	НЕТ В PARSEC	51	Artonit org_guid: 441DC23B-2222-44D2-A999-4078FF028067 (5 корпус)		pep_guid: 441DC23B-1111-44D2-A999-2537FF028067
[2516/4508] id_pep=2538	НЕТ В PARSEC	63 м.м.	Artonit org_guid: 441DC23B-2222-44D2-A999-4078FF028067 (5 корпус)		pep_guid: 441DC23B-1111-44D2-A999-2538FF028067
[2517/4508] id_pep=2539	НЕТ В PARSEC	63 м.м.	Artonit org_guid: 441DC23B-2222-44D2-A999-4078FF028067 (5 корпус)		pep_guid: 441DC23B-1111-44D2-A999-2539FF028067
[2522/4508] id_pep=2544	НЕТ В PARSEC	Титов	Artonit org_guid: 441DC23B-2222-44D2-A999-4078FF028067 (5 корпус)		pep_guid: 441DC23B-1111-44D2-A999-2544FF028067
[2531/4508] id_pep=2554	НЕТ В PARSEC	Конев О. А.	Artonit org_guid: 441DC23B-2222-44D2-A999-4081FF028067 (Подъезд 1-2)		pep_guid: 441DC23B-1111-44D2-A999-2554FF028067
[4415/4508] id_pep=4444	НЕТ В PARSEC	6	Artonit org_guid: 441DC23B-2222-44D2-A999-4117FF028067 (006)		pep_guid: 441DC23B-1111-44D2-A999-4444FF028067
[4416/4508] id_pep=4445	НЕТ В PARSEC	Милах О. Ю.	Artonit org_guid: 441DC23B-2222-44D2-A999-4103FF028067 (К5 Подъезд 2)		pep_guid: 441DC23B-1111-44D2-A999-4445FF028067
[4417/4508] id_pep=4446	НЕТ В PARSEC	Базулева Е. К.	Artonit org_guid: 441DC23B-2222-44D2-A999-4103FF028067 (К5 Подъезд 2)		pep_guid: 441DC23B-1111-44D2-A999-4446FF028067
[4499/4508] id_pep=4559	НЕТ В PARSEC	Ахлиманов Александр Мустафаевич	Artonit org_guid: 441DC23B-2222-44D2-A999-4099FF028067 (Подъезд 6)		pep_guid: 441DC23B-1111-44D2-A999-4559FF028067
