============================================================
 ПОЛНОЕ ОБНОВЛЕНИЕ ПЕРСОНЫ
 id_pep      = 2031
============================================================

------------------------------------------------------------
[1/4] parsecChangeGuid --id_pep=2031
------------------------------------------------------------
=== Смена GUID персоны (parsecChangeGuid) ===
FROM-префикс: 441dc23b-1111-44d2-a999-
TO-префикс:   441dc23b-1112-44d2-a999-
Режим:        обновление GUID

Найдена персона:
  id_pep:      2031
  ФИО:         13
  Текущий GUID: 441DC23B-1111-44D2-A999-2031FF028067

Преобразование:
  Было: 441DC23B-1111-44D2-A999-2031FF028067
  Стало: 441DC23B-1112-44D2-A999-2031FF028067

OK: GUID персоны обновлён.
Проверка после UPDATE: GUID=441DC23B-1112-44D2-A999-2031FF028067
OK: значения совпадают.

Готово.

------------------------------------------------------------
[2/4] parsecSyncPeope --id_pep=2031
------------------------------------------------------------
=== Сверка персон СКУД Артонит и Parsec ===
Режим добавления задач: ДА
Стартовый id_pep (строго >): 1
Проверка только id_pep=2031

*** ВНИМАНИЕ: включён MOCK-режим. Реальный Parsec не опрашивается. ***

Сессия Parsec открыта: mock-session-6ab4e6b9b9597

Получено персон для проверки: 1

Счётчик	Статус	ФИО	Artonit	Parsec	Примечание
================================================================================================================================================================
[1/1] id_pep=2031	ОШИБКА	13	Artonit: 441DC23B-2222-44D2-A999-4152FF028067 (013)		в ответе GetPerson нет ORG_ID

=== ИТОГИ ===
Всего проверено:            1
Есть в Parsec:              1
  из них org совпадает:    0
  из них org расходится:   0
Нет в Parsec:               0
Пропущено:                  0
Ошибок SOAP/ответа:         1
Создано задач интегратору:  0
Последний обработанный id_pep: 2031
Время выполнения:           0.03 сек

=== ОШИБКИ (первые 20) ===
id_pep=2031 guid=441DC23B-1112-44D2-A999-2031FF028067 : В ответе GetPerson нет ORG_ID

Готово.

------------------------------------------------------------
[3/4] parsecSyncIdentifiers --id_pep=2031
------------------------------------------------------------
=== Сверка идентификаторов персон СКУД Артонит и Parsec ===
Режим добавления задач: ДА
Проверка только id_pep=2031

*** ВНИМАНИЕ: включён MOCK-режим. Реальный Parsec не опрашивается. ***

Сессия Parsec открыта: mock-session-6ab4e6b9da748

Получено персон для проверки: 1

Счётчик	Статус	ФИО	Артонит (карты)	Parsec (карты)	Примечание
================================================================================================================================================================
[1/1] id_pep=2031 guid=441DC23B-1112-44D2-A999-2031FF028067	РАСХОЖДЕНИЕ	13	0062D9DA	00AABBCC, 00DDEEFF	+ в Артонит: 0062D9DA; - в Parsec: 00AABBCC, 00DDEEFF
[1/1] id_pep=2031 guid=441DC23B-1112-44D2-A999-2031FF028067	  -> задача 10				удалить карту 00AABBCC
[1/1] id_pep=2031 guid=441DC23B-1112-44D2-A999-2031FF028067	  -> задача 10				удалить карту 00DDEEFF

=== ИТОГИ ===
Всего проверено:              1
Есть в Parsec:                1
  идентификаторы совпадают:   0
  есть расхождения:           1
    карт только в Артонит:    1
    карт только в Parsec:     2
Нет в Parsec:                 0
Пропущено:                    0
Ошибок SOAP/ответа:           0
Создано задач на добавление:  0
Создано задач на удаление:    2
Время выполнения:             0.03 сек

Готово.

------------------------------------------------------------
[4/4] parsecSyncAccessGroups --id_pep=2031
------------------------------------------------------------
=== Сверка категорий доступа СКУД Артонит и Parsec ===
Режим добавления задач: ДА
Проверка только id_pep=2031

*** ВНИМАНИЕ: включён MOCK-режим. Реальный Parsec не опрашивается. ***

Сессия Parsec открыта: mock-session-6ab4e6ba07608

Категорий доступа в Артонит: 39

Получено персон для проверки: 1

Счётчик	Статус	ФИО	Artonit (категории)	Parsec (группы)	Примечание
================================================================================================================================================================
[1/1] id_pep=2031 guid=441DC23B-1112-44D2-A999-2031FF028067	РАСХОЖДЕНИЕ	13	A97D01B0-4050-4A49-A8C0-43BE2ED0E2A3 (К5 Мусорокамера Parsec), 07567803-0A06-42F1-8159-95209F449A03 (К5 секция 1 Parsec)		+ в Артонит: A97D01B0-4050-4A49-A8C0-43BE2ED0E2A3, 07567803-0A06-42F1-8159-95209F449A03

=== ИТОГИ ===
Всего проверено:                   1
Категории совпадают (OK):          0
Есть расхождения:                  1
Нет карт в Parsec:                 0
Персон нет в Parsec:               0
Категорий в Артонит нет:           0
Пропущено:                         0
Ошибок SOAP/ответа:                0
Создано задач на добавление (7):   0
Создано задач на удаление (8):     0
Время выполнения:                  0.03 сек

Готово.

============================================================
 ГОТОВО. Полное обновление персоны id_pep=2031 завершено.
============================================================
